Archive member included because of file (symbol)

c:/chibistudio/tools/gnu tools arm embedded/4.9 2015q3/bin/../lib/gcc/arm-none-eabi/4.9.3/../../../../arm-none-eabi/lib/armv7e-m\libg.a(lib_a-memcpy.o)
                              C:\Users\Filip\AppData\Local\Temp\cckxwuIe.ltrans0.ltrans.o (memcpy)
c:/chibistudio/tools/gnu tools arm embedded/4.9 2015q3/bin/../lib/gcc/arm-none-eabi/4.9.3/../../../../arm-none-eabi/lib/armv7e-m\libg.a(lib_a-memset.o)
                              C:\Users\Filip\AppData\Local\Temp\cckxwuIe.ltrans9.ltrans.o (memset)
c:/chibistudio/tools/gnu tools arm embedded/4.9 2015q3/bin/../lib/gcc/arm-none-eabi/4.9.3/../../../../arm-none-eabi/lib/armv7e-m\libg.a(lib_a-strcmp.o)
                              C:\Users\Filip\AppData\Local\Temp\cckxwuIe.ltrans1.ltrans.o (strcmp)
c:/chibistudio/tools/gnu tools arm embedded/4.9 2015q3/bin/../lib/gcc/arm-none-eabi/4.9.3/../../../../arm-none-eabi/lib/armv7e-m\libg.a(lib_a-strpbrk.o)
                              C:\Users\Filip\AppData\Local\Temp\cckxwuIe.ltrans1.ltrans.o (strpbrk)
c:/chibistudio/tools/gnu tools arm embedded/4.9 2015q3/bin/../lib/gcc/arm-none-eabi/4.9.3/../../../../arm-none-eabi/lib/armv7e-m\libg.a(lib_a-strspn.o)
                              C:\Users\Filip\AppData\Local\Temp\cckxwuIe.ltrans1.ltrans.o (strspn)

Discarded input sections

 .data          0x00000000        0x0 build/obj/crt0_v7m.o
 .bss           0x00000000        0x0 build/obj/crt0_v7m.o
 .data          0x00000000        0x0 build/obj/chcoreasm_v7m.o
 .bss           0x00000000        0x0 build/obj/chcoreasm_v7m.o
 .text          0x00000000        0x0 build/obj/crt1.o (symbol from plugin)
 .text          0x00000000        0x0 C:\Users\Filip\AppData\Local\Temp\cckxwuIe.ltrans0.ltrans.o
 .data          0x00000000        0x0 C:\Users\Filip\AppData\Local\Temp\cckxwuIe.ltrans0.ltrans.o
 .bss           0x00000000        0x0 C:\Users\Filip\AppData\Local\Temp\cckxwuIe.ltrans0.ltrans.o
 .text.put.lto_priv.332
                0x00000000       0x44 C:\Users\Filip\AppData\Local\Temp\cckxwuIe.ltrans0.ltrans.o
 .text.get.lto_priv.333
                0x00000000       0x40 C:\Users\Filip\AppData\Local\Temp\cckxwuIe.ltrans0.ltrans.o
 .text.msObjectInit
                0x00000000       0x30 C:\Users\Filip\AppData\Local\Temp\cckxwuIe.ltrans0.ltrans.o
 .text.long_to_string_with_divisor
                0x00000000       0xa0 C:\Users\Filip\AppData\Local\Temp\cckxwuIe.ltrans0.ltrans.o
 .text.ch_ltoa  0x00000000       0x20 C:\Users\Filip\AppData\Local\Temp\cckxwuIe.ltrans0.ltrans.o
 .text.chvprintf
                0x00000000      0x44c C:\Users\Filip\AppData\Local\Temp\cckxwuIe.ltrans0.ltrans.o
 .text.chprintf
                0x00000000       0x28 C:\Users\Filip\AppData\Local\Temp\cckxwuIe.ltrans0.ltrans.o
 .text.chsnprintf
                0x00000000       0x60 C:\Users\Filip\AppData\Local\Temp\cckxwuIe.ltrans0.ltrans.o
 .text          0x00000000        0x0 C:\Users\Filip\AppData\Local\Temp\cckxwuIe.ltrans1.ltrans.o
 .data          0x00000000        0x0 C:\Users\Filip\AppData\Local\Temp\cckxwuIe.ltrans1.ltrans.o
 .bss           0x00000000        0x0 C:\Users\Filip\AppData\Local\Temp\cckxwuIe.ltrans1.ltrans.o
 .text.thread1  0x00000000       0x14 C:\Users\Filip\AppData\Local\Temp\cckxwuIe.ltrans1.ltrans.o
 .text.thread2  0x00000000       0x28 C:\Users\Filip\AppData\Local\Temp\cckxwuIe.ltrans1.ltrans.o
 .text.msg_loop_test
                0x00000000       0x48 C:\Users\Filip\AppData\Local\Temp\cckxwuIe.ltrans1.ltrans.o
 .rodata        0x00000000      0x36f C:\Users\Filip\AppData\Local\Temp\cckxwuIe.ltrans1.ltrans.o
 .text.bmk1_execute.lto_priv.351
                0x00000000       0x74 C:\Users\Filip\AppData\Local\Temp\cckxwuIe.ltrans1.ltrans.o
 .text.bmk2_execute.lto_priv.350
                0x00000000       0x74 C:\Users\Filip\AppData\Local\Temp\cckxwuIe.ltrans1.ltrans.o
 .text.bmk3_execute.lto_priv.349
                0x00000000      0x100 C:\Users\Filip\AppData\Local\Temp\cckxwuIe.ltrans1.ltrans.o
 .text.thread4  0x00000000       0x2c C:\Users\Filip\AppData\Local\Temp\cckxwuIe.ltrans1.ltrans.o
 .text.bmk4_execute.lto_priv.348
                0x00000000       0xc0 C:\Users\Filip\AppData\Local\Temp\cckxwuIe.ltrans1.ltrans.o
 .text.bmk5_execute.lto_priv.347
                0x00000000       0x80 C:\Users\Filip\AppData\Local\Temp\cckxwuIe.ltrans1.ltrans.o
 .text.bmk6_execute.lto_priv.346
                0x00000000       0x78 C:\Users\Filip\AppData\Local\Temp\cckxwuIe.ltrans1.ltrans.o
 .text.thread3  0x00000000       0x28 C:\Users\Filip\AppData\Local\Temp\cckxwuIe.ltrans1.ltrans.o
 .text.bmk7_setup.lto_priv.344
                0x00000000       0x10 C:\Users\Filip\AppData\Local\Temp\cckxwuIe.ltrans1.ltrans.o
 .text.bmk7_execute.lto_priv.345
                0x00000000      0x138 C:\Users\Filip\AppData\Local\Temp\cckxwuIe.ltrans1.ltrans.o
 .text.thread8  0x00000000       0x38 C:\Users\Filip\AppData\Local\Temp\cckxwuIe.ltrans1.ltrans.o
 .text.bmk8_execute.lto_priv.343
[...]
Memory Configuration

Name             Origin             Length             Attributes
flash            0x08000000         0x00100000
ram0             0x20000000         0x00020000
ram1             0x20000000         0x0001c000
ram2             0x2001c000         0x00004000
ram3             0x00000000         0x00000000
ram4             0x10000000         0x00010000
ram5             0x40024000         0x00001000
ram6             0x00000000         0x00000000
ram7             0x00000000         0x00000000
*default*        0x00000000         0xffffffff

Linker script and memory map

LOAD build/obj/crt0_v7m.o
LOAD build/obj/chcoreasm_v7m.o
LOAD build/obj/crt1.o
LOAD C:\Users\Filip\AppData\Local\Temp\cckxwuIe.ltrans0.ltrans.o
LOAD C:\Users\Filip\AppData\Local\Temp\cckxwuIe.ltrans1.ltrans.o
LOAD C:\Users\Filip\AppData\Local\Temp\cckxwuIe.ltrans2.ltrans.o
LOAD C:\Users\Filip\AppData\Local\Temp\cckxwuIe.ltrans3.ltrans.o
LOAD C:\Users\Filip\AppData\Local\Temp\cckxwuIe.ltrans4.ltrans.o
LOAD C:\Users\Filip\AppData\Local\Temp\cckxwuIe.ltrans5.ltrans.o
LOAD C:\Users\Filip\AppData\Local\Temp\cckxwuIe.ltrans6.ltrans.o
LOAD C:\Users\Filip\AppData\Local\Temp\cckxwuIe.ltrans7.ltrans.o
LOAD C:\Users\Filip\AppData\Local\Temp\cckxwuIe.ltrans8.ltrans.o
LOAD C:\Users\Filip\AppData\Local\Temp\cckxwuIe.ltrans9.ltrans.o
LOAD C:\Users\Filip\AppData\Local\Temp\cckxwuIe.ltrans10.ltrans.o
LOAD C:\Users\Filip\AppData\Local\Temp\cckxwuIe.ltrans11.ltrans.o
LOAD C:\Users\Filip\AppData\Local\Temp\cckxwuIe.ltrans12.ltrans.o
LOAD c:/chibistudio/tools/gnu tools arm embedded/4.9 2015q3/bin/../lib/gcc/arm-none-eabi/4.9.3/armv7e-m\libgcc.a
LOAD c:/chibistudio/tools/gnu tools arm embedded/4.9 2015q3/bin/../lib/gcc/arm-none-eabi/4.9.3/../../../../arm-none-eabi/lib/armv7e-m\libg.a
LOAD c:/chibistudio/tools/gnu tools arm embedded/4.9 2015q3/bin/../lib/gcc/arm-none-eabi/4.9.3/../../../../arm-none-eabi/lib/armv7e-m\libc.a
LOAD build/obj/vectors.o
LOAD build/obj/chsys.o
LOAD build/obj/chdebug.o
LOAD build/obj/chvt.o
LOAD build/obj/chschd.o
LOAD build/obj/chthreads.o
LOAD build/obj/chtm.o
LOAD build/obj/chdynamic.o
LOAD build/obj/chregistry.o
LOAD build/obj/chsem.o
LOAD build/obj/chmtx.o
LOAD build/obj/chcond.o
LOAD build/obj/chevents.o
LOAD build/obj/chmsg.o
LOAD build/obj/chmboxes.o
LOAD build/obj/chqueues.o
LOAD build/obj/chmemcore.o
LOAD build/obj/chheap.o
LOAD build/obj/chmempools.o
LOAD build/obj/chcore.o
LOAD build/obj/chcore_v7m.o
LOAD build/obj/osal.o
LOAD build/obj/hal.o
LOAD build/obj/st.o
LOAD build/obj/hal_buffers.o
LOAD build/obj/hal_queues.o
LOAD build/obj/hal_mmcsd.o
LOAD build/obj/ext.o
LOAD build/obj/pal.o
LOAD build/obj/pwm.o
LOAD build/obj/spi.o
LOAD build/obj/usb.o
LOAD build/obj/nvic.o
LOAD build/obj/hal_lld.o
LOAD build/obj/stm32_dma.o
LOAD build/obj/st_lld.o
LOAD build/obj/ext_lld.o
LOAD build/obj/ext_lld_isr.o
LOAD build/obj/pal_lld.o
LOAD build/obj/usb_lld.o
LOAD build/obj/spi_lld.o
LOAD build/obj/pwm_lld.o
LOAD build/obj/board.o
LOAD build/obj/test.o
LOAD build/obj/testthd.o
LOAD build/obj/testsem.o
LOAD build/obj/testmtx.o
LOAD build/obj/testmsg.o
LOAD build/obj/testmbox.o
LOAD build/obj/testevt.o
LOAD build/obj/testheap.o
LOAD build/obj/testpools.o
LOAD build/obj/testdyn.o
LOAD build/obj/testqueues.o
LOAD build/obj/testsys.o
LOAD build/obj/testbmk.o
LOAD build/obj/lis302dl.o
LOAD build/obj/shell.o
LOAD build/obj/memstreams.o
LOAD build/obj/chprintf.o
LOAD build/obj/usbcfg.o
LOAD build/obj/main.o
                0x20000000                __ram0_start__ = ORIGIN (ram0)
                0x00020000                __ram0_size__ = 0x20000
                0x20020000                __ram0_end__ = (__ram0_start__ + __ram0_size__)
                0x20000000                __ram1_start__ = ORIGIN (ram1)
                0x0001c000                __ram1_size__ = 0x1c000
                0x2001c000                __ram1_end__ = (__ram1_start__ + __ram1_size__)
                0x2001c000                __ram2_start__ = ORIGIN (ram2)
                0x00004000                __ram2_size__ = 0x4000
                0x20020000                __ram2_end__ = (__ram2_start__ + __ram2_size__)
                0x00000000                __ram3_start__ = ORIGIN (ram3)
                0x00000000                __ram3_size__ = 0x0
                0x00000000                __ram3_end__ = (__ram3_start__ + __ram3_size__)
                0x10000000                __ram4_start__ = ORIGIN (ram4)
                0x00010000                __ram4_size__ = 0x10000
                0x10010000                __ram4_end__ = (__ram4_start__ + __ram4_size__)
                0x40024000                __ram5_start__ = ORIGIN (ram5)
                0x00001000                __ram5_size__ = 0x1000
                0x40025000                __ram5_end__ = (__ram5_start__ + __ram5_size__)
                0x00000000                __ram6_start__ = ORIGIN (ram6)
                0x00000000                __ram6_size__ = 0x0
                0x00000000                __ram6_end__ = (__ram6_start__ + __ram6_size__)
                0x00000000                __ram7_start__ = ORIGIN (ram7)
                0x00000000                __ram7_size__ = 0x0
                0x00000000                __ram7_end__ = (__ram7_start__ + __ram7_size__)
                0x00000000                . = 0x0
                0x00000000                _text = .

startup         0x08000000      0x1c0
 *(.vectors)
 .vectors       0x08000000      0x1c0 C:\Users\Filip\AppData\Local\Temp\cckxwuIe.ltrans12.ltrans.o
                0x08000000                _vectors

constructors    0x080001c0        0x0
                0x080001c0                __init_array_start = .
 *(SORT(.init_array.*))
 *(.init_array)
                0x080001c0                __init_array_end = .

destructors     0x080001c0        0x0
                0x080001c0                __fini_array_start = .
 *(.fini_array)
 *(SORT(.fini_array.*))
                0x080001c0                __fini_array_end = .

.text           0x080001c0     0x6d88
 *(.text)
 .text          0x080001c0       0xc4 build/obj/crt0_v7m.o
                0x080001c0                Reset_Handler
 *fill*         0x08000284        0xc 
 .text          0x08000290       0x28 build/obj/chcoreasm_v7m.o
                0x08000290                _port_switch
                0x080002a0                _port_thread_start
                0x080002b0                _port_switch_from_isr
                0x080002b4                _port_exit_from_isr
 *fill*         0x080002b8        0x8 
 .text          0x080002c0      0x134 c:/chibistudio/tools/gnu tools arm embedded/4.9 2015q3/bin/../lib/gcc/arm-none-eabi/4.9.3/../../../../arm-none-eabi/lib/armv7e-m\libg.a(lib_a-memcpy.o)
                0x080002c0                memcpy
 *(.text.*)
 *fill*         0x080003f4        0xc 
 .text.port_lock.lto_priv.24
                0x08000400       0x10 C:\Users\Filip\AppData\Local\Temp\cckxwuIe.ltrans0.ltrans.o
 .text.port_unlock.lto_priv.22
                0x08000410       0x10 C:\Users\Filip\AppData\Local\Temp\cckxwuIe.ltrans0.ltrans.o
 .text.port_lock_from_isr.lto_priv.20
                0x08000420        0x8 C:\Users\Filip\AppData\Local\Temp\cckxwuIe.ltrans0.ltrans.o
 *fill*         0x08000428        0x8 
 .text.port_unlock_from_isr.lto_priv.18
                0x08000430        0x8 C:\Users\Filip\AppData\Local\Temp\cckxwuIe.ltrans0.ltrans.o
 *fill*         0x08000438        0x8 
 .text.chSysLockFromISR.lto_priv.16
                0x08000440        0x8 C:\Users\Filip\AppData\Local\Temp\cckxwuIe.ltrans0.ltrans.o
 *fill*         0x08000448        0x8 
 .text.chSysUnlockFromISR.lto_priv.14
                0x08000450        0x8 C:\Users\Filip\AppData\Local\Temp\cckxwuIe.ltrans0.ltrans.o
 *fill*         0x08000458        0x8 
 .text.get_descriptor.lto_priv.331
                0x08000460       0x5c C:\Users\Filip\AppData\Local\Temp\cckxwuIe.ltrans0.ltrans.o
                0x08000460                get_descriptor.lto_priv.331
 *fill*         0x080004bc        0x4 
 .text.usb_event.lto_priv.330
                0x080004c0       0x60 C:\Users\Filip\AppData\Local\Temp\cckxwuIe.ltrans0.ltrans.o
                0x080004c0                usb_event.lto_priv.330
 .text.request_hook
                0x08000520       0x78 C:\Users\Filip\AppData\Local\Temp\cckxwuIe.ltrans0.ltrans.o
                0x08000520                request_hook
 *fill*         0x08000598        0x8 
 .text.port_lock.lto_priv.25
                0x080005a0       0x10 C:\Users\Filip\AppData\Local\Temp\cckxwuIe.ltrans0.ltrans.o
 .text.port_unlock.lto_priv.23
                0x080005b0       0x10 C:\Users\Filip\AppData\Local\Temp\cckxwuIe.ltrans0.ltrans.o
 .text.port_lock_from_isr.lto_priv.21
                0x080005c0        0x8 C:\Users\Filip\AppData\Local\Temp\cckxwuIe.ltrans0.ltrans.o
 *fill*         0x080005c8        0x8 
 .text.port_unlock_from_isr.lto_priv.19
                0x080005d0        0x8 C:\Users\Filip\AppData\Local\Temp\cckxwuIe.ltrans0.ltrans.o
 *fill*         0x080005d8        0x8 
 .text.st_lld_get_counter
                0x080005e0        0xc C:\Users\Filip\AppData\Local\Temp\cckxwuIe.ltrans0.ltrans.o
 *fill*         0x080005ec        0x4 
 .text.port_timer_get_time
                0x080005f0        0xc C:\Users\Filip\AppData\Local\Temp\cckxwuIe.ltrans0.ltrans.o
 *fill*         0x080005fc        0x4 
 .text.chSysLock
                0x08000600        0x8 C:\Users\Filip\AppData\Local\Temp\cckxwuIe.ltrans0.ltrans.o
 *fill*         0x08000608        0x8 
 .text.chSysUnlock
                0x08000610        0x8 C:\Users\Filip\AppData\Local\Temp\cckxwuIe.ltrans0.ltrans.o
 *fill*         0x08000618        0x8 
 .text.chSysLockFromISR.lto_priv.17
                0x08000620        0x8 C:\Users\Filip\AppData\Local\Temp\cckxwuIe.ltrans0.ltrans.o
 *fill*         0x08000628        0x8 
 .text.chSysUnlockFromISR.lto_priv.15
                0x08000630        0x8 C:\Users\Filip\AppData\Local\Temp\cckxwuIe.ltrans0.ltrans.o
 *fill*         0x08000638        0x8 
 .text.chVTGetSystemTimeX
                0x08000640        0xc C:\Users\Filip\AppData\Local\Temp\cckxwuIe.ltrans0.ltrans.o
 *fill*         0x0800064c        0x4 
 .text.chVTGetSystemTime
                0x08000650       0x1c C:\Users\Filip\AppData\Local\Temp\cckxwuIe.ltrans0.ltrans.o
 *fill*         0x0800066c        0x4 
 .text.chVTTimeElapsedSinceX
                0x08000670       0x18 C:\Users\Filip\AppData\Local\Temp\cckxwuIe.ltrans0.ltrans.o
 *fill*         0x08000688        0x8 
 .text.chThdGetSelfX
                0x08000690        0xc C:\Users\Filip\AppData\Local\Temp\cckxwuIe.ltrans0.ltrans.o
 *fill*         0x0800069c        0x4 
 .text.chRegSetThreadName
                0x080006a0       0x14 C:\Users\Filip\AppData\Local\Temp\cckxwuIe.ltrans0.ltrans.o
 *fill*         0x080006b4        0xc 
 .text.extCallback.lto_priv.329
                0x080006c0       0x28 C:\Users\Filip\AppData\Local\Temp\cckxwuIe.ltrans0.ltrans.o
                0x080006c0                extCallback.lto_priv.329
 *fill*         0x080006e8        0x8 
 .text.Writer   0x080006f0       0xd4 C:\Users\Filip\AppData\Local\Temp\cckxwuIe.ltrans0.ltrans.o
 *fill*         0x080007c4        0xc 
 .text.AccelThread
                0x080007d0      0x18c C:\Users\Filip\AppData\Local\Temp\cckxwuIe.ltrans0.ltrans.o
 *fill*         0x0800095c        0x4 
 .text.lis302init
                0x08000960       0x70 C:\Users\Filip\AppData\Local\Temp\cckxwuIe.ltrans0.ltrans.o
 .text.main     0x080009d0       0xf4 C:\Users\Filip\AppData\Local\Temp\cckxwuIe.ltrans0.ltrans.o
                0x080009d0                main
 *fill*         0x08000ac4        0xc 
 .text.lis302dlReadRegister
                0x08000ad0       0x4c C:\Users\Filip\AppData\Local\Temp\cckxwuIe.ltrans1.ltrans.o
                0x08000ad0                lis302dlReadRegister
 *fill*         0x08000b1c        0x4 
 .text.lis302dlWriteRegister
                0x08000b20      0x118 C:\Users\Filip\AppData\Local\Temp\cckxwuIe.ltrans1.ltrans.o
                0x08000b20                lis302dlWriteRegister
 *fill*         0x08000c38        0x8 
 .text.usb_lld_pump
                0x08000c40      0x10c C:\Users\Filip\AppData\Local\Temp\cckxwuIe.ltrans6.ltrans.o
                0x08000c40                usb_lld_pump
 *fill*         0x08000d4c        0x4 
 .text.port_lock.lto_priv.142
                0x08000d50       0x10 C:\Users\Filip\AppData\Local\Temp\cckxwuIe.ltrans6.ltrans.o
 .text.port_unlock.lto_priv.139
                0x08000d60       0x10 C:\Users\Filip\AppData\Local\Temp\cckxwuIe.ltrans6.ltrans.o
 .text.port_lock_from_isr
                0x08000d70        0x8 C:\Users\Filip\AppData\Local\Temp\cckxwuIe.ltrans6.ltrans.o
 *fill*         0x08000d78        0x8 
 .text.port_unlock_from_isr
                0x08000d80        0x8 C:\Users\Filip\AppData\Local\Temp\cckxwuIe.ltrans6.ltrans.o
 *fill*         0x08000d88        0x8 
 .text.chSysLockFromISR
                0x08000d90        0x8 C:\Users\Filip\AppData\Local\Temp\cckxwuIe.ltrans6.ltrans.o
 *fill*         0x08000d98        0x8 
 .text.chSysUnlockFromISR
                0x08000da0        0x8 C:\Users\Filip\AppData\Local\Temp\cckxwuIe.ltrans6.ltrans.o
 *fill*         0x08000da8        0x8 
 .text.osalSysHalt
                0x08000db0       0x14 C:\Users\Filip\AppData\Local\Temp\cckxwuIe.ltrans6.ltrans.o
 *fill*         0x08000dc4        0xc 
 .text.osalSysLockFromISR
                0x08000dd0        0x8 C:\Users\Filip\AppData\Local\Temp\cckxwuIe.ltrans6.ltrans.o
 *fill*         0x08000dd8        0x8 
 .text.osalSysUnlockFromISR
                0x08000de0        0x8 C:\Users\Filip\AppData\Local\Temp\cckxwuIe.ltrans6.ltrans.o
 *fill*         0x08000de8        0x8 
 .text.osalThreadResumeI
                0x08000df0       0x18 C:\Users\Filip\AppData\Local\Temp\cckxwuIe.ltrans6.ltrans.o
 *fill*         0x08000e08        0x8 
 .text.spi_lld_serve_rx_interrupt
                0x08000e10       0xd8 C:\Users\Filip\AppData\Local\Temp\cckxwuIe.ltrans6.ltrans.o
 *fill*         0x08000ee8        0x8 
 .text.spi_lld_serve_tx_interrupt
                0x08000ef0       0x24 C:\Users\Filip\AppData\Local\Temp\cckxwuIe.ltrans6.ltrans.o
 *fill*         0x08000f14        0xc 
 .text.spi_lld_init
                0x08000f20       0x4c C:\Users\Filip\AppData\Local\Temp\cckxwuIe.ltrans6.ltrans.o
                0x08000f20                spi_lld_init
 *fill*         0x08000f6c        0x4 
 .text.spi_lld_start
                0x08000f70       0xfc C:\Users\Filip\AppData\Local\Temp\cckxwuIe.ltrans6.ltrans.o
                0x08000f70                spi_lld_start
 *fill*         0x0800106c        0x4 
 .text.spi_lld_select
                0x08001070       0x20 C:\Users\Filip\AppData\Local\Temp\cckxwuIe.ltrans6.ltrans.o
                0x08001070                spi_lld_select
 .text.spi_lld_unselect
                0x08001090       0x20 C:\Users\Filip\AppData\Local\Temp\cckxwuIe.ltrans6.ltrans.o
                0x08001090                spi_lld_unselect
 .text.spi_lld_exchange
                0x080010b0       0x80 C:\Users\Filip\AppData\Local\Temp\cckxwuIe.ltrans6.ltrans.o
                0x080010b0                spi_lld_exchange
 .text.spi_lld_send
                0x08001130       0x7c C:\Users\Filip\AppData\Local\Temp\cckxwuIe.ltrans6.ltrans.o
                0x08001130                spi_lld_send
 *fill*         0x080011ac        0x4 
 .text.VectorB8
                0x080011b0       0x14 C:\Users\Filip\AppData\Local\Temp\cckxwuIe.ltrans6.ltrans.o
                0x080011b0                VectorB8
 *fill*         0x080011c4        0xc 
 .text.pwm_lld_init
                0x080011d0       0x20 C:\Users\Filip\AppData\Local\Temp\cckxwuIe.ltrans6.ltrans.o
                0x080011d0                pwm_lld_init
 .text.pwm_lld_start
                0x080011f0      0x188 C:\Users\Filip\AppData\Local\Temp\cckxwuIe.ltrans6.ltrans.o
                0x080011f0                pwm_lld_start
 *fill*         0x08001378        0x8 
 .text.pwm_lld_enable_channel
                0x08001380       0x24 C:\Users\Filip\AppData\Local\Temp\cckxwuIe.ltrans6.ltrans.o
                0x08001380                pwm_lld_enable_channel
 *fill*         0x080013a4        0xc 
 .text.pwm_lld_serve_interrupt
                0x080013b0       0xc4 C:\Users\Filip\AppData\Local\Temp\cckxwuIe.ltrans6.ltrans.o
 *fill*         0x08001474        0xc 
 .text.__early_init
                0x08001480        0x8 C:\Users\Filip\AppData\Local\Temp\cckxwuIe.ltrans6.ltrans.o
                0x08001480                __early_init
 *fill*         0x08001488        0x8 
 .text.boardInit
                0x08001490        0x4 C:\Users\Filip\AppData\Local\Temp\cckxwuIe.ltrans6.ltrans.o
                0x08001490                boardInit
 *fill*         0x08001494        0xc 
 .text.otg_rxfifo_handler.lto_priv.157
                0x080014a0      0x104 C:\Users\Filip\AppData\Local\Temp\cckxwuIe.ltrans7.ltrans.o
                0x080014a0                otg_rxfifo_handler.lto_priv.157
 *fill*         0x080015a4        0xc 
 .text.otg_txfifo_handler.lto_priv.156
                0x080015b0      0x130 C:\Users\Filip\AppData\Local\Temp\cckxwuIe.ltrans7.ltrans.o
                0x080015b0                otg_txfifo_handler.lto_priv.156
 .text.otg_epin_handler
                0x080016e0      0x170 C:\Users\Filip\AppData\Local\Temp\cckxwuIe.ltrans7.ltrans.o
 .text.otg_epout_handler
                0x08001850      0x178 C:\Users\Filip\AppData\Local\Temp\cckxwuIe.ltrans7.ltrans.o
 *fill*         0x080019c8        0x8 
 .text.otg_isoc_in_failed_handler
                0x080019d0      0x154 C:\Users\Filip\AppData\Local\Temp\cckxwuIe.ltrans7.ltrans.o
 *fill*         0x08001b24        0xc 
 .text.otg_isoc_out_failed_handler
                0x08001b30       0xe4 C:\Users\Filip\AppData\Local\Temp\cckxwuIe.ltrans7.ltrans.o
 *fill*         0x08001c14        0xc 
 .text.usb_lld_serve_interrupt
                0x08001c20      0x1e0 C:\Users\Filip\AppData\Local\Temp\cckxwuIe.ltrans7.ltrans.o
 .text.Vector14C
                0x08001e00       0x14 C:\Users\Filip\AppData\Local\Temp\cckxwuIe.ltrans7.ltrans.o
                0x08001e00                Vector14C
 *fill*         0x08001e14        0xc 
 .text.usb_lld_init
                0x08001e20       0x60 C:\Users\Filip\AppData\Local\Temp\cckxwuIe.ltrans7.ltrans.o
                0x08001e20                usb_lld_init
 .text.usb_lld_start
                0x08001e80      0x118 C:\Users\Filip\AppData\Local\Temp\cckxwuIe.ltrans7.ltrans.o
                0x08001e80                usb_lld_start
 *fill*         0x08001f98        0x8 
 .text.usb_lld_reset
                0x08001fa0      0x128 C:\Users\Filip\AppData\Local\Temp\cckxwuIe.ltrans7.ltrans.o
                0x08001fa0                usb_lld_reset
 *fill*         0x080020c8        0x8 
 .text.usb_lld_set_address
                0x080020d0       0x28 C:\Users\Filip\AppData\Local\Temp\cckxwuIe.ltrans7.ltrans.o
                0x080020d0                usb_lld_set_address
 *fill*         0x080020f8        0x8 
 .text.usb_lld_init_endpoint
                0x08002100      0x250 C:\Users\Filip\AppData\Local\Temp\cckxwuIe.ltrans7.ltrans.o
                0x08002100                usb_lld_init_endpoint
 .text.usb_lld_get_status_out
                0x08002350       0x40 C:\Users\Filip\AppData\Local\Temp\cckxwuIe.ltrans7.ltrans.o
                0x08002350                usb_lld_get_status_out
 .text.usb_lld_get_status_in
                0x08002390       0x40 C:\Users\Filip\AppData\Local\Temp\cckxwuIe.ltrans7.ltrans.o
                0x08002390                usb_lld_get_status_in
 .text.usb_lld_read_setup
                0x080023d0       0x30 C:\Users\Filip\AppData\Local\Temp\cckxwuIe.ltrans7.ltrans.o
                0x080023d0                usb_lld_read_setup
 .text.usb_lld_start_out
                0x08002400      0x140 C:\Users\Filip\AppData\Local\Temp\cckxwuIe.ltrans7.ltrans.o
                0x08002400                usb_lld_start_out
 .text.usb_lld_start_in
                0x08002540      0x160 C:\Users\Filip\AppData\Local\Temp\cckxwuIe.ltrans7.ltrans.o
                0x08002540                usb_lld_start_in
 .text.usb_lld_stall_out
                0x080026a0       0x34 C:\Users\Filip\AppData\Local\Temp\cckxwuIe.ltrans7.ltrans.o
                0x080026a0                usb_lld_stall_out
 *fill*         0x080026d4        0xc 
 .text.usb_lld_stall_in
                0x080026e0       0x34 C:\Users\Filip\AppData\Local\Temp\cckxwuIe.ltrans7.ltrans.o
                0x080026e0                usb_lld_stall_in
 *fill*         0x08002714        0xc 
 .text.usb_lld_clear_out
                0x08002720       0x34 C:\Users\Filip\AppData\Local\Temp\cckxwuIe.ltrans7.ltrans.o
                0x08002720                usb_lld_clear_out
 *fill*         0x08002754        0xc 
 .text.usb_lld_clear_in
                0x08002760       0x34 C:\Users\Filip\AppData\Local\Temp\cckxwuIe.ltrans7.ltrans.o
                0x08002760                usb_lld_clear_in
 *fill*         0x08002794        0xc 
 .text.Vector7C
                0x080027a0       0x3c C:\Users\Filip\AppData\Local\Temp\cckxwuIe.ltrans8.ltrans.o
                0x080027a0                Vector7C
 *fill*         0x080027dc        0x4 
 .text.Vector80
                0x080027e0       0x40 C:\Users\Filip\AppData\Local\Temp\cckxwuIe.ltrans8.ltrans.o
                0x080027e0                Vector80
 .text.Vector84
                0x08002820       0x40 C:\Users\Filip\AppData\Local\Temp\cckxwuIe.ltrans8.ltrans.o
                0x08002820                Vector84
 .text.VectorFC
                0x08002860       0x40 C:\Users\Filip\AppData\Local\Temp\cckxwuIe.ltrans8.ltrans.o
                0x08002860                VectorFC
 .text.Vector120
                0x080028a0       0x3c C:\Users\Filip\AppData\Local\Temp\cckxwuIe.ltrans8.ltrans.o
                0x080028a0                Vector120
 *fill*         0x080028dc        0x4 
 .text.Vector124
                0x080028e0       0x40 C:\Users\Filip\AppData\Local\Temp\cckxwuIe.ltrans8.ltrans.o
                0x080028e0                Vector124
 .text.Vector128
                0x08002920       0x40 C:\Users\Filip\AppData\Local\Temp\cckxwuIe.ltrans8.ltrans.o
                0x08002920                Vector128
 .text.Vector12C
                0x08002960       0x40 C:\Users\Filip\AppData\Local\Temp\cckxwuIe.ltrans8.ltrans.o
                0x08002960                Vector12C
 .text.Vector130
                0x080029a0       0x3c C:\Users\Filip\AppData\Local\Temp\cckxwuIe.ltrans8.ltrans.o
                0x080029a0                Vector130
 *fill*         0x080029dc        0x4 
 .text.Vector150
                0x080029e0       0x40 C:\Users\Filip\AppData\Local\Temp\cckxwuIe.ltrans8.ltrans.o
                0x080029e0                Vector150
 .text.Vector154
                0x08002a20       0x40 C:\Users\Filip\AppData\Local\Temp\cckxwuIe.ltrans8.ltrans.o
                0x08002a20                Vector154
 .text.Vector158
                0x08002a60       0x40 C:\Users\Filip\AppData\Local\Temp\cckxwuIe.ltrans8.ltrans.o
                0x08002a60                Vector158
 .text.dmaInit  0x08002aa0       0x70 C:\Users\Filip\AppData\Local\Temp\cckxwuIe.ltrans8.ltrans.o
                0x08002aa0                dmaInit
 .text.dmaStreamAllocate
                0x08002b10       0xec C:\Users\Filip\AppData\Local\Temp\cckxwuIe.ltrans8.ltrans.o
                0x08002b10                dmaStreamAllocate
 *fill*         0x08002bfc        0x4 
 .text.port_lock.lto_priv.186
                0x08002c00       0x10 C:\Users\Filip\AppData\Local\Temp\cckxwuIe.ltrans8.ltrans.o
 .text.port_unlock.lto_priv.184
                0x08002c10       0x10 C:\Users\Filip\AppData\Local\Temp\cckxwuIe.ltrans8.ltrans.o
 .text.port_lock_from_isr.lto_priv.182
                0x08002c20        0x8 C:\Users\Filip\AppData\Local\Temp\cckxwuIe.ltrans8.ltrans.o
 *fill*         0x08002c28        0x8 
 .text.port_unlock_from_isr.lto_priv.180
                0x08002c30        0x8 C:\Users\Filip\AppData\Local\Temp\cckxwuIe.ltrans8.ltrans.o
 *fill*         0x08002c38        0x8 
 .text.chSysLockFromISR.lto_priv.178
                0x08002c40        0x8 C:\Users\Filip\AppData\Local\Temp\cckxwuIe.ltrans8.ltrans.o
 *fill*         0x08002c48        0x8 
 .text.chSysUnlockFromISR.lto_priv.176
                0x08002c50        0x8 C:\Users\Filip\AppData\Local\Temp\cckxwuIe.ltrans8.ltrans.o
 *fill*         0x08002c58        0x8 
 .text.osalSysLockFromISR
                0x08002c60        0x8 C:\Users\Filip\AppData\Local\Temp\cckxwuIe.ltrans8.ltrans.o
 *fill*         0x08002c68        0x8 
 .text.osalSysUnlockFromISR
                0x08002c70        0x8 C:\Users\Filip\AppData\Local\Temp\cckxwuIe.ltrans8.ltrans.o
 *fill*         0x08002c78        0x8 
 .text.osalOsTimerHandlerI
                0x08002c80        0x8 C:\Users\Filip\AppData\Local\Temp\cckxwuIe.ltrans8.ltrans.o
 *fill*         0x08002c88        0x8 
 .text.VectorB0
                0x08002c90       0x2c C:\Users\Filip\AppData\Local\Temp\cckxwuIe.ltrans8.ltrans.o
                0x08002c90                VectorB0
 *fill*         0x08002cbc        0x4 
 .text.st_lld_init
                0x08002cc0       0x70 C:\Users\Filip\AppData\Local\Temp\cckxwuIe.ltrans8.ltrans.o
                0x08002cc0                st_lld_init
 .text.ext_lld_init
                0x08002d30       0x10 C:\Users\Filip\AppData\Local\Temp\cckxwuIe.ltrans8.ltrans.o
                0x08002d30                ext_lld_init
 .text.ext_lld_start
                0x08002d40       0x50 C:\Users\Filip\AppData\Local\Temp\cckxwuIe.ltrans8.ltrans.o
                0x08002d40                ext_lld_start
 .text.ext_lld_channel_enable
                0x08002d90      0x118 C:\Users\Filip\AppData\Local\Temp\cckxwuIe.ltrans8.ltrans.o
                0x08002d90                ext_lld_channel_enable
 *fill*         0x08002ea8        0x8 
 .text.ext_lld_channel_disable
                0x08002eb0       0x5c C:\Users\Filip\AppData\Local\Temp\cckxwuIe.ltrans8.ltrans.o
                0x08002eb0                ext_lld_channel_disable
 *fill*         0x08002f0c        0x4 
 .text.Vector58
                0x08002f10       0x48 C:\Users\Filip\AppData\Local\Temp\cckxwuIe.ltrans8.ltrans.o
                0x08002f10                Vector58
 *fill*         0x08002f58        0x8 
 .text.Vector5C
                0x08002f60       0x48 C:\Users\Filip\AppData\Local\Temp\cckxwuIe.ltrans8.ltrans.o
                0x08002f60                Vector5C
 *fill*         0x08002fa8        0x8 
 .text.Vector60
                0x08002fb0       0x48 C:\Users\Filip\AppData\Local\Temp\cckxwuIe.ltrans8.ltrans.o
                0x08002fb0                Vector60
 *fill*         0x08002ff8        0x8 
 .text.Vector64
                0x08003000       0x48 C:\Users\Filip\AppData\Local\Temp\cckxwuIe.ltrans8.ltrans.o
                0x08003000                Vector64
 *fill*         0x08003048        0x8 
 .text.Vector68
                0x08003050       0x48 C:\Users\Filip\AppData\Local\Temp\cckxwuIe.ltrans8.ltrans.o
                0x08003050                Vector68
 *fill*         0x08003098        0x8 
 .text.Vector9C
                0x080030a0       0xa0 C:\Users\Filip\AppData\Local\Temp\cckxwuIe.ltrans8.ltrans.o
                0x080030a0                Vector9C
 .text.VectorE0
                0x08003140       0xb4 C:\Users\Filip\AppData\Local\Temp\cckxwuIe.ltrans8.ltrans.o
                0x08003140                VectorE0
 *fill*         0x080031f4        0xc 
 .text.Vector44
                0x08003200       0x44 C:\Users\Filip\AppData\Local\Temp\cckxwuIe.ltrans8.ltrans.o
                0x08003200                Vector44
 *fill*         0x08003244        0xc 
 .text.VectorE4
                0x08003250       0x44 C:\Users\Filip\AppData\Local\Temp\cckxwuIe.ltrans8.ltrans.o
                0x08003250                VectorE4
 *fill*         0x08003294        0xc 
 .text.VectorE8
                0x080032a0       0x48 C:\Users\Filip\AppData\Local\Temp\cckxwuIe.ltrans8.ltrans.o
                0x080032a0                VectorE8
 *fill*         0x080032e8        0x8 
 .text.Vector138
                0x080032f0       0x48 C:\Users\Filip\AppData\Local\Temp\cckxwuIe.ltrans8.ltrans.o
                0x080032f0                Vector138
 *fill*         0x08003338        0x8 
 .text.Vector170
                0x08003340       0x48 C:\Users\Filip\AppData\Local\Temp\cckxwuIe.ltrans8.ltrans.o
                0x08003340                Vector170
 *fill*         0x08003388        0x8 
 .text.Vector48
                0x08003390       0x48 C:\Users\Filip\AppData\Local\Temp\cckxwuIe.ltrans8.ltrans.o
                0x08003390                Vector48
 *fill*         0x080033d8        0x8 
 .text.Vector4C
                0x080033e0       0x48 C:\Users\Filip\AppData\Local\Temp\cckxwuIe.ltrans8.ltrans.o
                0x080033e0                Vector4C
 *fill*         0x08003428        0x8 
 .text.ext_lld_exti_irq_enable
                0x08003430       0x74 C:\Users\Filip\AppData\Local\Temp\cckxwuIe.ltrans8.ltrans.o
 *fill*         0x080034a4        0xc 
 .text.initgpio
                0x080034b0       0x44 C:\Users\Filip\AppData\Local\Temp\cckxwuIe.ltrans8.ltrans.o
 *fill*         0x080034f4        0xc 
 .text._pal_lld_init
                0x08003500       0xc0 C:\Users\Filip\AppData\Local\Temp\cckxwuIe.ltrans8.ltrans.o
                0x08003500                _pal_lld_init
 .text._pal_lld_setgroupmode
                0x080035c0      0x168 C:\Users\Filip\AppData\Local\Temp\cckxwuIe.ltrans8.ltrans.o
                0x080035c0                _pal_lld_setgroupmode
 *fill*         0x08003728        0x8 
 .text.port_lock.lto_priv.187
                0x08003730       0x10 C:\Users\Filip\AppData\Local\Temp\cckxwuIe.ltrans8.ltrans.o
 .text.port_unlock.lto_priv.185
                0x08003740       0x10 C:\Users\Filip\AppData\Local\Temp\cckxwuIe.ltrans8.ltrans.o
 .text.port_lock_from_isr.lto_priv.183
                0x08003750        0x8 C:\Users\Filip\AppData\Local\Temp\cckxwuIe.ltrans8.ltrans.o
 *fill*         0x08003758        0x8 
 .text.port_unlock_from_isr.lto_priv.181
                0x08003760        0x8 C:\Users\Filip\AppData\Local\Temp\cckxwuIe.ltrans8.ltrans.o
 *fill*         0x08003768        0x8 
 .text.chSysLock
                0x08003770        0x8 C:\Users\Filip\AppData\Local\Temp\cckxwuIe.ltrans8.ltrans.o
 *fill*         0x08003778        0x8 
 .text.chSysUnlock
                0x08003780        0x8 C:\Users\Filip\AppData\Local\Temp\cckxwuIe.ltrans8.ltrans.o
 *fill*         0x08003788        0x8 
 .text.chSysLockFromISR.lto_priv.179
                0x08003790        0x8 C:\Users\Filip\AppData\Local\Temp\cckxwuIe.ltrans8.ltrans.o
 *fill*         0x08003798        0x8 
 .text.chSysUnlockFromISR.lto_priv.177
                0x080037a0        0x8 C:\Users\Filip\AppData\Local\Temp\cckxwuIe.ltrans8.ltrans.o
 *fill*         0x080037a8        0x8 
 .text.chThdStartI.lto_priv.169
                0x080037b0       0x18 C:\Users\Filip\AppData\Local\Temp\cckxwuIe.ltrans8.ltrans.o
                0x080037b0                chThdStartI.lto_priv.169
 *fill*         0x080037c8        0x8 
 .text.chRegSetThreadName.lto_priv.159
                0x080037d0       0x14 C:\Users\Filip\AppData\Local\Temp\cckxwuIe.ltrans8.ltrans.o
                0x080037d0                chRegSetThreadName.lto_priv.159
 *fill*         0x080037e4        0xc 
 .text.osalSysLock.lto_priv.154
                0x080037f0        0x8 C:\Users\Filip\AppData\Local\Temp\cckxwuIe.ltrans8.ltrans.o
                0x080037f0                osalSysLock.lto_priv.154
 *fill*         0x080037f8        0x8 
 .text.osalSysUnlock.lto_priv.155
                0x08003800        0x8 C:\Users\Filip\AppData\Local\Temp\cckxwuIe.ltrans8.ltrans.o
                0x08003800                osalSysUnlock.lto_priv.155
 *fill*         0x08003808        0x8 
 .text.osalSysLockFromISR.lto_priv.173
                0x08003810        0x8 C:\Users\Filip\AppData\Local\Temp\cckxwuIe.ltrans8.ltrans.o
                0x08003810                osalSysLockFromISR.lto_priv.173
 *fill*         0x08003818        0x8 
 .text.osalSysUnlockFromISR.lto_priv.171
                0x08003820        0x8 C:\Users\Filip\AppData\Local\Temp\cckxwuIe.ltrans8.ltrans.o
                0x08003820                osalSysUnlockFromISR.lto_priv.171
 *fill*         0x08003828        0x8 
 .text.osalSysPolledDelayX
                0x08003830       0x14 C:\Users\Filip\AppData\Local\Temp\cckxwuIe.ltrans8.ltrans.o
 *fill*         0x08003844        0xc 
 .text.osalThreadSuspendS.lto_priv.158
                0x08003850       0x18 C:\Users\Filip\AppData\Local\Temp\cckxwuIe.ltrans8.ltrans.o
                0x08003850                osalThreadSuspendS.lto_priv.158
 *fill*         0x08003868        0x8 
 .text.osalThreadResumeI.lto_priv.172
                0x08003870       0x18 C:\Users\Filip\AppData\Local\Temp\cckxwuIe.ltrans8.ltrans.o
                0x08003870                osalThreadResumeI.lto_priv.172
 *fill*         0x08003888        0x8 
 .text.otg_core_reset.lto_priv.170
                0x08003890       0x38 C:\Users\Filip\AppData\Local\Temp\cckxwuIe.ltrans8.ltrans.o
                0x08003890                otg_core_reset.lto_priv.170
 *fill*         0x080038c8        0x8 
 .text.otg_disable_ep.lto_priv.164
                0x080038d0       0x90 C:\Users\Filip\AppData\Local\Temp\cckxwuIe.ltrans8.ltrans.o
                0x080038d0                otg_disable_ep.lto_priv.164
 .text.otg_rxfifo_flush.lto_priv.168
                0x08003960       0x2c C:\Users\Filip\AppData\Local\Temp\cckxwuIe.ltrans8.ltrans.o
                0x08003960                otg_rxfifo_flush.lto_priv.168
 *fill*         0x0800398c        0x4 
 .text.otg_txfifo_flush.lto_priv.166
                0x08003990       0x34 C:\Users\Filip\AppData\Local\Temp\cckxwuIe.ltrans8.ltrans.o
                0x08003990                otg_txfifo_flush.lto_priv.166
 *fill*         0x080039c4        0xc 
 .text.otg_ram_reset.lto_priv.165
                0x080039d0       0x14 C:\Users\Filip\AppData\Local\Temp\cckxwuIe.ltrans8.ltrans.o
                0x080039d0                otg_ram_reset.lto_priv.165
 *fill*         0x080039e4        0xc 
 .text.otg_ram_alloc.lto_priv.167
                0x080039f0       0x20 C:\Users\Filip\AppData\Local\Temp\cckxwuIe.ltrans8.ltrans.o
                0x080039f0                otg_ram_alloc.lto_priv.167
 .text.otg_fifo_write_from_buffer.lto_priv.174
                0x08003a10       0x28 C:\Users\Filip\AppData\Local\Temp\cckxwuIe.ltrans8.ltrans.o
                0x08003a10                otg_fifo_write_from_buffer.lto_priv.174
 *fill*         0x08003a38        0x8 
 .text.otg_fifo_read_to_buffer.lto_priv.175
                0x08003a40       0x50 C:\Users\Filip\AppData\Local\Temp\cckxwuIe.ltrans8.ltrans.o
                0x08003a40                otg_fifo_read_to_buffer.lto_priv.175
 .text.spiInit  0x08003a90        0x8 C:\Users\Filip\AppData\Local\Temp\cckxwuIe.ltrans9.ltrans.o
                0x08003a90                spiInit
 *fill*         0x08003a98        0x8 
 .text.spiObjectInit
                0x08003aa0       0x28 C:\Users\Filip\AppData\Local\Temp\cckxwuIe.ltrans9.ltrans.o
                0x08003aa0                spiObjectInit
 *fill*         0x08003ac8        0x8 
 .text.spiStart
                0x08003ad0       0x28 C:\Users\Filip\AppData\Local\Temp\cckxwuIe.ltrans9.ltrans.o
                0x08003ad0                spiStart
 *fill*         0x08003af8        0x8 
 .text.spiSelect
                0x08003b00       0x1c C:\Users\Filip\AppData\Local\Temp\cckxwuIe.ltrans9.ltrans.o
                0x08003b00                spiSelect
 *fill*         0x08003b1c        0x4 
 .text.spiUnselect
                0x08003b20       0x1c C:\Users\Filip\AppData\Local\Temp\cckxwuIe.ltrans9.ltrans.o
                0x08003b20                spiUnselect
 *fill*         0x08003b3c        0x4 
 .text.spiExchange
                0x08003b40       0x38 C:\Users\Filip\AppData\Local\Temp\cckxwuIe.ltrans9.ltrans.o
                0x08003b40                spiExchange
 *fill*         0x08003b78        0x8 
 .text.spiSend  0x08003b80       0x34 C:\Users\Filip\AppData\Local\Temp\cckxwuIe.ltrans9.ltrans.o
                0x08003b80                spiSend
 *fill*         0x08003bb4        0xc 
 .text.port_lock
                0x08003bc0       0x10 C:\Users\Filip\AppData\Local\Temp\cckxwuIe.ltrans9.ltrans.o
 .text.port_unlock
                0x08003bd0       0x10 C:\Users\Filip\AppData\Local\Temp\cckxwuIe.ltrans9.ltrans.o
 .text.port_lock_from_isr
                0x08003be0        0x8 C:\Users\Filip\AppData\Local\Temp\cckxwuIe.ltrans9.ltrans.o
 *fill*         0x08003be8        0x8 
 .text.port_unlock_from_isr
                0x08003bf0        0x8 C:\Users\Filip\AppData\Local\Temp\cckxwuIe.ltrans9.ltrans.o
 *fill*         0x08003bf8        0x8 
 .text.chSysLock
                0x08003c00        0x8 C:\Users\Filip\AppData\Local\Temp\cckxwuIe.ltrans9.ltrans.o
 *fill*         0x08003c08        0x8 
 .text.chSysUnlock
                0x08003c10        0x8 C:\Users\Filip\AppData\Local\Temp\cckxwuIe.ltrans9.ltrans.o
 *fill*         0x08003c18        0x8 
 .text.chSysLockFromISR
                0x08003c20        0x8 C:\Users\Filip\AppData\Local\Temp\cckxwuIe.ltrans9.ltrans.o
 *fill*         0x08003c28        0x8 
 .text.chSysUnlockFromISR
                0x08003c30        0x8 C:\Users\Filip\AppData\Local\Temp\cckxwuIe.ltrans9.ltrans.o
 *fill*         0x08003c38        0x8 
 .text.osalSysLock.lto_priv.198
                0x08003c40        0x8 C:\Users\Filip\AppData\Local\Temp\cckxwuIe.ltrans9.ltrans.o
 *fill*         0x08003c48        0x8 
 .text.osalSysUnlock.lto_priv.196
                0x08003c50        0x8 C:\Users\Filip\AppData\Local\Temp\cckxwuIe.ltrans9.ltrans.o
 *fill*         0x08003c58        0x8 
 .text.osalSysLockFromISR
                0x08003c60        0x8 C:\Users\Filip\AppData\Local\Temp\cckxwuIe.ltrans9.ltrans.o
 *fill*         0x08003c68        0x8 
 .text.osalSysUnlockFromISR
                0x08003c70        0x8 C:\Users\Filip\AppData\Local\Temp\cckxwuIe.ltrans9.ltrans.o
 *fill*         0x08003c78        0x8 
 .text.osalThreadSuspendS.lto_priv.194
                0x08003c80       0x18 C:\Users\Filip\AppData\Local\Temp\cckxwuIe.ltrans9.ltrans.o
 *fill*         0x08003c98        0x8 
 .text.osalThreadResumeI
                0x08003ca0       0x18 C:\Users\Filip\AppData\Local\Temp\cckxwuIe.ltrans9.ltrans.o
 *fill*         0x08003cb8        0x8 
 .text.get_hword
                0x08003cc0       0x30 C:\Users\Filip\AppData\Local\Temp\cckxwuIe.ltrans9.ltrans.o
 .text.set_address
                0x08003cf0       0x3c C:\Users\Filip\AppData\Local\Temp\cckxwuIe.ltrans9.ltrans.o
 *fill*         0x08003d2c        0x4 
 .text.default_handler
                0x08003d30      0x3a0 C:\Users\Filip\AppData\Local\Temp\cckxwuIe.ltrans9.ltrans.o
 .text.usbInit  0x080040d0        0x8 C:\Users\Filip\AppData\Local\Temp\cckxwuIe.ltrans9.ltrans.o
                0x080040d0                usbInit
 *fill*         0x080040d8        0x8 
 .text.usbObjectInit
                0x080040e0       0x4c C:\Users\Filip\AppData\Local\Temp\cckxwuIe.ltrans9.ltrans.o
                0x080040e0                usbObjectInit
 *fill*         0x0800412c        0x4 
 .text.usbStart
                0x08004130       0x48 C:\Users\Filip\AppData\Local\Temp\cckxwuIe.ltrans9.ltrans.o
                0x08004130                usbStart
 *fill*         0x08004178        0x8 
 .text.usbInitEndpointI
                0x08004180       0x5c C:\Users\Filip\AppData\Local\Temp\cckxwuIe.ltrans9.ltrans.o
                0x08004180                usbInitEndpointI
 *fill*         0x080041dc        0x4 
 .text.usbStartReceiveI
                0x080041e0       0x64 C:\Users\Filip\AppData\Local\Temp\cckxwuIe.ltrans9.ltrans.o
 *fill*         0x08004244        0xc 
 .text.usbStartTransmitI
                0x08004250       0x64 C:\Users\Filip\AppData\Local\Temp\cckxwuIe.ltrans9.ltrans.o
 *fill*         0x080042b4        0xc 
 .text.usbTransmit
                0x080042c0       0x60 C:\Users\Filip\AppData\Local\Temp\cckxwuIe.ltrans9.ltrans.o
                0x080042c0                usbTransmit
 .text._usb_reset
                0x08004320       0xec C:\Users\Filip\AppData\Local\Temp\cckxwuIe.ltrans9.ltrans.o
                0x08004320                _usb_reset
 *fill*         0x0800440c        0x4 
 .text._usb_suspend
                0x08004410       0xac C:\Users\Filip\AppData\Local\Temp\cckxwuIe.ltrans9.ltrans.o
                0x08004410                _usb_suspend
 *fill*         0x080044bc        0x4 
 .text._usb_wakeup
                0x080044c0       0x28 C:\Users\Filip\AppData\Local\Temp\cckxwuIe.ltrans9.ltrans.o
                0x080044c0                _usb_wakeup
 *fill*         0x080044e8        0x8 
 .text._usb_ep0setup
                0x080044f0      0x158 C:\Users\Filip\AppData\Local\Temp\cckxwuIe.ltrans9.ltrans.o
                0x080044f0                _usb_ep0setup
 *fill*         0x08004648        0x8 
 .text._usb_ep0in
                0x08004650       0xf4 C:\Users\Filip\AppData\Local\Temp\cckxwuIe.ltrans9.ltrans.o
                0x08004650                _usb_ep0in
 *fill*         0x08004744        0xc 
 .text._usb_ep0out
                0x08004750       0xb0 C:\Users\Filip\AppData\Local\Temp\cckxwuIe.ltrans9.ltrans.o
                0x08004750                _usb_ep0out
 .text.nvicEnableVector
                0x08004800       0x54 C:\Users\Filip\AppData\Local\Temp\cckxwuIe.ltrans9.ltrans.o
                0x08004800                nvicEnableVector
 *fill*         0x08004854        0xc 
 .text.hal_lld_backup_domain_init
                0x08004860       0x40 C:\Users\Filip\AppData\Local\Temp\cckxwuIe.ltrans9.ltrans.o
 .text.hal_lld_init
                0x080048a0       0x64 C:\Users\Filip\AppData\Local\Temp\cckxwuIe.ltrans9.ltrans.o
                0x080048a0                hal_lld_init
 *fill*         0x08004904        0xc 
 .text.stm32_clock_init
                0x08004910      0x108 C:\Users\Filip\AppData\Local\Temp\cckxwuIe.ltrans9.ltrans.o
                0x08004910                stm32_clock_init
 *fill*         0x08004a18        0x8 
 .text.Vector6C
                0x08004a20       0x3c C:\Users\Filip\AppData\Local\Temp\cckxwuIe.ltrans9.ltrans.o
                0x08004a20                Vector6C
 *fill*         0x08004a5c        0x4 
 .text.Vector70
                0x08004a60       0x40 C:\Users\Filip\AppData\Local\Temp\cckxwuIe.ltrans9.ltrans.o
                0x08004a60                Vector70
 .text.Vector74
                0x08004aa0       0x40 C:\Users\Filip\AppData\Local\Temp\cckxwuIe.ltrans9.ltrans.o
                0x08004aa0                Vector74
 .text.Vector78
                0x08004ae0       0x40 C:\Users\Filip\AppData\Local\Temp\cckxwuIe.ltrans9.ltrans.o
                0x08004ae0                Vector78
 .text.chCoreAllocI
                0x08004b20       0x48 C:\Users\Filip\AppData\Local\Temp\cckxwuIe.ltrans10.ltrans.o
                0x08004b20                chCoreAllocI
 *fill*         0x08004b68        0x8 
 .text._heap_init
                0x08004b70       0x28 C:\Users\Filip\AppData\Local\Temp\cckxwuIe.ltrans10.ltrans.o
                0x08004b70                _heap_init
 *fill*         0x08004b98        0x8 
 .text.port_lock.lto_priv.219
                0x08004ba0       0x10 C:\Users\Filip\AppData\Local\Temp\cckxwuIe.ltrans10.ltrans.o
 .text.port_unlock.lto_priv.213
                0x08004bb0       0x10 C:\Users\Filip\AppData\Local\Temp\cckxwuIe.ltrans10.ltrans.o
 .text.port_lock_from_isr
                0x08004bc0        0x8 C:\Users\Filip\AppData\Local\Temp\cckxwuIe.ltrans10.ltrans.o
 *fill*         0x08004bc8        0x8 
 .text.port_unlock_from_isr
                0x08004bd0        0x8 C:\Users\Filip\AppData\Local\Temp\cckxwuIe.ltrans10.ltrans.o
 *fill*         0x08004bd8        0x8 
 .text.SVC_Handler
                0x08004be0       0x28 C:\Users\Filip\AppData\Local\Temp\cckxwuIe.ltrans10.ltrans.o
                0x08004be0                SVC_Handler
 *fill*         0x08004c08        0x8 
 .text._port_irq_epilogue
                0x08004c10       0x64 C:\Users\Filip\AppData\Local\Temp\cckxwuIe.ltrans10.ltrans.o
                0x08004c10                _port_irq_epilogue
 *fill*         0x08004c74        0xc 
 .text.osalInit
                0x08004c80        0x4 C:\Users\Filip\AppData\Local\Temp\cckxwuIe.ltrans10.ltrans.o
 *fill*         0x08004c84        0xc 
 .text.halInit  0x08004c90       0x30 C:\Users\Filip\AppData\Local\Temp\cckxwuIe.ltrans10.ltrans.o
                0x08004c90                halInit
 .text.st_lld_start_alarm
                0x08004cc0       0x20 C:\Users\Filip\AppData\Local\Temp\cckxwuIe.ltrans10.ltrans.o
 .text.st_lld_stop_alarm
                0x08004ce0        0xc C:\Users\Filip\AppData\Local\Temp\cckxwuIe.ltrans10.ltrans.o
 *fill*         0x08004cec        0x4 
 .text.st_lld_set_alarm
                0x08004cf0       0x10 C:\Users\Filip\AppData\Local\Temp\cckxwuIe.ltrans10.ltrans.o
 .text.stInit   0x08004d00        0x8 C:\Users\Filip\AppData\Local\Temp\cckxwuIe.ltrans10.ltrans.o
 *fill*         0x08004d08        0x8 
 .text.stStartAlarm
                0x08004d10       0x14 C:\Users\Filip\AppData\Local\Temp\cckxwuIe.ltrans10.ltrans.o
                0x08004d10                stStartAlarm
 *fill*         0x08004d24        0xc 
 .text.stStopAlarm
                0x08004d30        0x8 C:\Users\Filip\AppData\Local\Temp\cckxwuIe.ltrans10.ltrans.o
                0x08004d30                stStopAlarm
 *fill*         0x08004d38        0x8 
 .text.stSetAlarm
                0x08004d40       0x14 C:\Users\Filip\AppData\Local\Temp\cckxwuIe.ltrans10.ltrans.o
                0x08004d40                stSetAlarm
 *fill*         0x08004d54        0xc 
 .text.port_lock.lto_priv.221
                0x08004d60       0x10 C:\Users\Filip\AppData\Local\Temp\cckxwuIe.ltrans10.ltrans.o
 .text.port_unlock.lto_priv.215
                0x08004d70       0x10 C:\Users\Filip\AppData\Local\Temp\cckxwuIe.ltrans10.ltrans.o
 .text.chSysLock.lto_priv.209
                0x08004d80        0x8 C:\Users\Filip\AppData\Local\Temp\cckxwuIe.ltrans10.ltrans.o
 *fill*         0x08004d88        0x8 
 .text.chSysUnlock.lto_priv.204
                0x08004d90        0x8 C:\Users\Filip\AppData\Local\Temp\cckxwuIe.ltrans10.ltrans.o
 *fill*         0x08004d98        0x8 
 .text.osalSysLock.lto_priv.228
                0x08004da0        0x8 C:\Users\Filip\AppData\Local\Temp\cckxwuIe.ltrans10.ltrans.o
 *fill*         0x08004da8        0x8 
 .text.osalSysUnlock.lto_priv.225
                0x08004db0        0x8 C:\Users\Filip\AppData\Local\Temp\cckxwuIe.ltrans10.ltrans.o
 *fill*         0x08004db8        0x8 
 .text.extInit  0x08004dc0        0x8 C:\Users\Filip\AppData\Local\Temp\cckxwuIe.ltrans10.ltrans.o
 *fill*         0x08004dc8        0x8 
 .text.extObjectInit
                0x08004dd0       0x14 C:\Users\Filip\AppData\Local\Temp\cckxwuIe.ltrans10.ltrans.o
                0x08004dd0                extObjectInit
 *fill*         0x08004de4        0xc 
 .text.extStart
                0x08004df0       0x28 C:\Users\Filip\AppData\Local\Temp\cckxwuIe.ltrans10.ltrans.o
                0x08004df0                extStart
 *fill*         0x08004e18        0x8 
 .text.extChannelEnable
                0x08004e20       0x20 C:\Users\Filip\AppData\Local\Temp\cckxwuIe.ltrans10.ltrans.o
                0x08004e20                extChannelEnable
 .text.port_lock.lto_priv.222
                0x08004e40       0x10 C:\Users\Filip\AppData\Local\Temp\cckxwuIe.ltrans10.ltrans.o
 .text.port_unlock.lto_priv.216
                0x08004e50       0x10 C:\Users\Filip\AppData\Local\Temp\cckxwuIe.ltrans10.ltrans.o
 .text.chSysLock.lto_priv.210
                0x08004e60        0x8 C:\Users\Filip\AppData\Local\Temp\cckxwuIe.ltrans10.ltrans.o
 *fill*         0x08004e68        0x8 
 .text.chSysUnlock.lto_priv.205
                0x08004e70        0x8 C:\Users\Filip\AppData\Local\Temp\cckxwuIe.ltrans10.ltrans.o
 *fill*         0x08004e78        0x8 
 .text.osalSysLock.lto_priv.229
                0x08004e80        0x8 C:\Users\Filip\AppData\Local\Temp\cckxwuIe.ltrans10.ltrans.o
 *fill*         0x08004e88        0x8 
 .text.osalSysUnlock.lto_priv.226
                0x08004e90        0x8 C:\Users\Filip\AppData\Local\Temp\cckxwuIe.ltrans10.ltrans.o
 *fill*         0x08004e98        0x8 
 .text.pwmInit  0x08004ea0        0x8 C:\Users\Filip\AppData\Local\Temp\cckxwuIe.ltrans10.ltrans.o
 *fill*         0x08004ea8        0x8 
 .text.pwmObjectInit
                0x08004eb0       0x20 C:\Users\Filip\AppData\Local\Temp\cckxwuIe.ltrans10.ltrans.o
                0x08004eb0                pwmObjectInit
 .text.pwmStart
                0x08004ed0       0x38 C:\Users\Filip\AppData\Local\Temp\cckxwuIe.ltrans10.ltrans.o
                0x08004ed0                pwmStart
 *fill*         0x08004f08        0x8 
 .text.pwmEnableChannel
                0x08004f10       0x40 C:\Users\Filip\AppData\Local\Temp\cckxwuIe.ltrans10.ltrans.o
                0x08004f10                pwmEnableChannel
 .text.port_lock.lto_priv.223
                0x08004f50       0x10 C:\Users\Filip\AppData\Local\Temp\cckxwuIe.ltrans10.ltrans.o
 .text.port_unlock.lto_priv.217
                0x08004f60       0x10 C:\Users\Filip\AppData\Local\Temp\cckxwuIe.ltrans10.ltrans.o
 .text.chSysLock.lto_priv.211
                0x08004f70        0x8 C:\Users\Filip\AppData\Local\Temp\cckxwuIe.ltrans10.ltrans.o
 *fill*         0x08004f78        0x8 
 .text.chSysUnlock.lto_priv.206
                0x08004f80        0x8 C:\Users\Filip\AppData\Local\Temp\cckxwuIe.ltrans10.ltrans.o
 *fill*         0x08004f88        0x8 
 .text.osalSysLock.lto_priv.197
                0x08004f90        0x8 C:\Users\Filip\AppData\Local\Temp\cckxwuIe.ltrans10.ltrans.o
                0x08004f90                osalSysLock.lto_priv.197
 *fill*         0x08004f98        0x8 
 .text.osalSysUnlock.lto_priv.195
                0x08004fa0        0x8 C:\Users\Filip\AppData\Local\Temp\cckxwuIe.ltrans10.ltrans.o
                0x08004fa0                osalSysUnlock.lto_priv.195
 *fill*         0x08004fa8        0x8 
 .text.osalThreadSuspendS.lto_priv.193
                0x08004fb0       0x18 C:\Users\Filip\AppData\Local\Temp\cckxwuIe.ltrans10.ltrans.o
                0x08004fb0                osalThreadSuspendS.lto_priv.193
 *fill*         0x08004fc8        0x8 
 .text.osalMutexObjectInit.lto_priv.201
                0x08004fd0       0x14 C:\Users\Filip\AppData\Local\Temp\cckxwuIe.ltrans10.ltrans.o
                0x08004fd0                osalMutexObjectInit.lto_priv.201
 *fill*         0x08004fe4        0xc 
 .text.port_lock.lto_priv.250
                0x08004ff0       0x10 C:\Users\Filip\AppData\Local\Temp\cckxwuIe.ltrans11.ltrans.o
 .text.port_unlock.lto_priv.245
                0x08005000       0x10 C:\Users\Filip\AppData\Local\Temp\cckxwuIe.ltrans11.ltrans.o
 .text.chSysLock.lto_priv.240
                0x08005010        0x8 C:\Users\Filip\AppData\Local\Temp\cckxwuIe.ltrans11.ltrans.o
 *fill*         0x08005018        0x8 
 .text.chSysUnlock.lto_priv.234
                0x08005020        0x8 C:\Users\Filip\AppData\Local\Temp\cckxwuIe.ltrans11.ltrans.o
 *fill*         0x08005028        0x8 
 .text.chEvtSignalI
                0x08005030       0x58 C:\Users\Filip\AppData\Local\Temp\cckxwuIe.ltrans11.ltrans.o
                0x08005030                chEvtSignalI
 *fill*         0x08005088        0x8 
 .text.chEvtWaitAny
                0x08005090       0x58 C:\Users\Filip\AppData\Local\Temp\cckxwuIe.ltrans11.ltrans.o
                0x08005090                chEvtWaitAny
 *fill*         0x080050e8        0x8 
 .text.port_lock.lto_priv.254
                0x080050f0       0x10 C:\Users\Filip\AppData\Local\Temp\cckxwuIe.ltrans11.ltrans.o
 .text.port_unlock.lto_priv.249
                0x08005100       0x10 C:\Users\Filip\AppData\Local\Temp\cckxwuIe.ltrans11.ltrans.o
 .text.chSysLock.lto_priv.244
                0x08005110        0x8 C:\Users\Filip\AppData\Local\Temp\cckxwuIe.ltrans11.ltrans.o
 *fill*         0x08005118        0x8 
 .text.chSysUnlock.lto_priv.238
                0x08005120        0x8 C:\Users\Filip\AppData\Local\Temp\cckxwuIe.ltrans11.ltrans.o
 *fill*         0x08005128        0x8 
 .text._core_init
                0x08005130       0x2c C:\Users\Filip\AppData\Local\Temp\cckxwuIe.ltrans11.ltrans.o
                0x08005130                _core_init
 *fill*         0x0800515c        0x4 
 .text.chCoreAlloc
                0x08005160       0x20 C:\Users\Filip\AppData\Local\Temp\cckxwuIe.ltrans11.ltrans.o
                0x08005160                chCoreAlloc
 .text.__core_init
                0x08005180        0x4 C:\Users\Filip\AppData\Local\Temp\cckxwuIe.ltrans12.ltrans.o
                0x08005180                __core_init
 *fill*         0x08005184        0xc 
 .text.__late_init
                0x08005190        0x4 C:\Users\Filip\AppData\Local\Temp\cckxwuIe.ltrans12.ltrans.o
                0x08005190                __late_init
 *fill*         0x08005194        0xc 
 .text.__default_exit
                0x080051a0        0x4 C:\Users\Filip\AppData\Local\Temp\cckxwuIe.ltrans12.ltrans.o
                0x080051a0                __default_exit
 *fill*         0x080051a4        0xc 
 .text.__init_ram_areas
                0x080051b0       0x64 C:\Users\Filip\AppData\Local\Temp\cckxwuIe.ltrans12.ltrans.o
                0x080051b0                __init_ram_areas
 *fill*         0x08005214        0xc 
 .text._unhandled_exception
                0x08005220        0x4 C:\Users\Filip\AppData\Local\Temp\cckxwuIe.ltrans12.ltrans.o
 *fill*         0x08005224        0xc 
 .text.NVIC_SetPriorityGrouping
                0x08005230       0x3c C:\Users\Filip\AppData\Local\Temp\cckxwuIe.ltrans12.ltrans.o
 *fill*         0x0800526c        0x4 
 .text.NVIC_SetPriority
                0x08005270       0x4c C:\Users\Filip\AppData\Local\Temp\cckxwuIe.ltrans12.ltrans.o
 *fill*         0x080052bc        0x4 
 .text.port_init
                0x080052c0       0x48 C:\Users\Filip\AppData\Local\Temp\cckxwuIe.ltrans12.ltrans.o
 *fill*         0x08005308        0x8 
 .text.port_lock.lto_priv.272
                0x08005310       0x10 C:\Users\Filip\AppData\Local\Temp\cckxwuIe.ltrans12.ltrans.o
 .text.port_unlock.lto_priv.264
                0x08005320       0x10 C:\Users\Filip\AppData\Local\Temp\cckxwuIe.ltrans12.ltrans.o
 .text.port_lock_from_isr.lto_priv.323
                0x08005330        0x8 C:\Users\Filip\AppData\Local\Temp\cckxwuIe.ltrans12.ltrans.o
 *fill*         0x08005338        0x8 
 .text.port_unlock_from_isr.lto_priv.321
                0x08005340        0x8 C:\Users\Filip\AppData\Local\Temp\cckxwuIe.ltrans12.ltrans.o
 *fill*         0x08005348        0x8 
 .text.port_disable
                0x08005350        0x4 C:\Users\Filip\AppData\Local\Temp\cckxwuIe.ltrans12.ltrans.o
 *fill*         0x08005354        0xc 
 .text.port_enable
                0x08005360       0x14 C:\Users\Filip\AppData\Local\Temp\cckxwuIe.ltrans12.ltrans.o
 *fill*         0x08005374        0xc 
 .text.port_wait_for_interrupt
                0x08005380        0x4 C:\Users\Filip\AppData\Local\Temp\cckxwuIe.ltrans12.ltrans.o
 *fill*         0x08005384        0xc 
 .text.port_rt_get_counter_value.lto_priv.306
                0x08005390        0xc C:\Users\Filip\AppData\Local\Temp\cckxwuIe.ltrans12.ltrans.o
 *fill*         0x0800539c        0x4 
 .text.st_lld_get_counter.lto_priv.314
                0x080053a0        0xc C:\Users\Filip\AppData\Local\Temp\cckxwuIe.ltrans12.ltrans.o
 *fill*         0x080053ac        0x4 
 .text.port_timer_stop_alarm.lto_priv.327
                0x080053b0        0x8 C:\Users\Filip\AppData\Local\Temp\cckxwuIe.ltrans12.ltrans.o
 *fill*         0x080053b8        0x8 
 .text.port_timer_set_alarm.lto_priv.325
                0x080053c0       0x14 C:\Users\Filip\AppData\Local\Temp\cckxwuIe.ltrans12.ltrans.o
 *fill*         0x080053d4        0xc 
 .text.port_timer_get_time.lto_priv.311
                0x080053e0        0xc C:\Users\Filip\AppData\Local\Temp\cckxwuIe.ltrans12.ltrans.o
 *fill*         0x080053ec        0x4 
 .text.chSysEnable
                0x080053f0        0x8 C:\Users\Filip\AppData\Local\Temp\cckxwuIe.ltrans12.ltrans.o
 *fill*         0x080053f8        0x8 
 .text.chSysLockFromISR.lto_priv.319
                0x08005400        0x8 C:\Users\Filip\AppData\Local\Temp\cckxwuIe.ltrans12.ltrans.o
 *fill*         0x08005408        0x8 
 .text.chSysUnlockFromISR.lto_priv.317
                0x08005410        0x8 C:\Users\Filip\AppData\Local\Temp\cckxwuIe.ltrans12.ltrans.o
 *fill*         0x08005418        0x8 
 .text.chVTGetSystemTimeX.lto_priv.308
                0x08005420        0xc C:\Users\Filip\AppData\Local\Temp\cckxwuIe.ltrans12.ltrans.o
 *fill*         0x0800542c        0x4 
 .text.chVTDoTickI
                0x08005430       0xb8 C:\Users\Filip\AppData\Local\Temp\cckxwuIe.ltrans12.ltrans.o
 *fill*         0x080054e8        0x8 
 .text.chRegSetThreadName
                0x080054f0       0x14 C:\Users\Filip\AppData\Local\Temp\cckxwuIe.ltrans12.ltrans.o
 *fill*         0x08005504        0xc 
 .text.chRegSetThreadNameX
                0x08005510       0x10 C:\Users\Filip\AppData\Local\Temp\cckxwuIe.ltrans12.ltrans.o
 .text._idle_thread
                0x08005520        0xc C:\Users\Filip\AppData\Local\Temp\cckxwuIe.ltrans12.ltrans.o
 *fill*         0x0800552c        0x4 
 .text.chSysInit
                0x08005530       0x74 C:\Users\Filip\AppData\Local\Temp\cckxwuIe.ltrans12.ltrans.o
                0x08005530                chSysInit
 *fill*         0x080055a4        0xc 
 .text.chSysHalt
                0x080055b0       0x18 C:\Users\Filip\AppData\Local\Temp\cckxwuIe.ltrans12.ltrans.o
                0x080055b0                chSysHalt
 *fill*         0x080055c8        0x8 
 .text.chSysTimerHandlerI
                0x080055d0        0x8 C:\Users\Filip\AppData\Local\Temp\cckxwuIe.ltrans12.ltrans.o
                0x080055d0                chSysTimerHandlerI
 *fill*         0x080055d8        0x8 
 .text.chSysIsCounterWithinX
                0x080055e0       0x24 C:\Users\Filip\AppData\Local\Temp\cckxwuIe.ltrans12.ltrans.o
 *fill*         0x08005604        0xc 
 .text.chSysPolledDelayX
                0x08005610       0x30 C:\Users\Filip\AppData\Local\Temp\cckxwuIe.ltrans12.ltrans.o
                0x08005610                chSysPolledDelayX
 .text.st_lld_get_counter.lto_priv.315
                0x08005640        0xc C:\Users\Filip\AppData\Local\Temp\cckxwuIe.ltrans12.ltrans.o
 *fill*         0x0800564c        0x4 
 .text.port_timer_start_alarm
                0x08005650       0x14 C:\Users\Filip\AppData\Local\Temp\cckxwuIe.ltrans12.ltrans.o
 *fill*         0x08005664        0xc 
 .text.port_timer_stop_alarm.lto_priv.328
                0x08005670        0x8 C:\Users\Filip\AppData\Local\Temp\cckxwuIe.ltrans12.ltrans.o
 *fill*         0x08005678        0x8 
 .text.port_timer_set_alarm.lto_priv.326
                0x08005680       0x14 C:\Users\Filip\AppData\Local\Temp\cckxwuIe.ltrans12.ltrans.o
 *fill*         0x08005694        0xc 
 .text.port_timer_get_time.lto_priv.312
                0x080056a0        0xc C:\Users\Filip\AppData\Local\Temp\cckxwuIe.ltrans12.ltrans.o
 *fill*         0x080056ac        0x4 
 .text.chVTGetSystemTimeX.lto_priv.309
                0x080056b0        0xc C:\Users\Filip\AppData\Local\Temp\cckxwuIe.ltrans12.ltrans.o
 *fill*         0x080056bc        0x4 
 .text._vt_init
                0x080056c0       0x24 C:\Users\Filip\AppData\Local\Temp\cckxwuIe.ltrans12.ltrans.o
 *fill*         0x080056e4        0xc 
 .text.chVTDoSetI
                0x080056f0       0xf8 C:\Users\Filip\AppData\Local\Temp\cckxwuIe.ltrans12.ltrans.o
                0x080056f0                chVTDoSetI
 *fill*         0x080057e8        0x8 
 .text.chVTDoResetI
                0x080057f0       0xd0 C:\Users\Filip\AppData\Local\Temp\cckxwuIe.ltrans12.ltrans.o
                0x080057f0                chVTDoResetI
 .text.port_lock.lto_priv.273
                0x080058c0       0x10 C:\Users\Filip\AppData\Local\Temp\cckxwuIe.ltrans12.ltrans.o
 .text.port_unlock.lto_priv.265
                0x080058d0       0x10 C:\Users\Filip\AppData\Local\Temp\cckxwuIe.ltrans12.ltrans.o
 .text.port_lock_from_isr.lto_priv.324
                0x080058e0        0x8 C:\Users\Filip\AppData\Local\Temp\cckxwuIe.ltrans12.ltrans.o
 *fill*         0x080058e8        0x8 
 .text.port_unlock_from_isr.lto_priv.322
                0x080058f0        0x8 C:\Users\Filip\AppData\Local\Temp\cckxwuIe.ltrans12.ltrans.o
 *fill*         0x080058f8        0x8 
 .text.queue_init.lto_priv.300
                0x08005900       0x14 C:\Users\Filip\AppData\Local\Temp\cckxwuIe.ltrans12.ltrans.o
 *fill*         0x08005914        0xc 
 .text.queue_fifo_remove.lto_priv.294
                0x08005920       0x24 C:\Users\Filip\AppData\Local\Temp\cckxwuIe.ltrans12.ltrans.o
 *fill*         0x08005944        0xc 
 .text.queue_dequeue.lto_priv.292
                0x08005950       0x20 C:\Users\Filip\AppData\Local\Temp\cckxwuIe.ltrans12.ltrans.o
 .text.chSchIsRescRequiredI
                0x08005970       0x20 C:\Users\Filip\AppData\Local\Temp\cckxwuIe.ltrans12.ltrans.o
 .text.chSysLockFromISR.lto_priv.320
                0x08005990        0x8 C:\Users\Filip\AppData\Local\Temp\cckxwuIe.ltrans12.ltrans.o
 *fill*         0x08005998        0x8 
 .text.chSysUnlockFromISR.lto_priv.318
                0x080059a0        0x8 C:\Users\Filip\AppData\Local\Temp\cckxwuIe.ltrans12.ltrans.o
 *fill*         0x080059a8        0x8 
 .text.chVTIsArmedI
                0x080059b0       0x18 C:\Users\Filip\AppData\Local\Temp\cckxwuIe.ltrans12.ltrans.o
 *fill*         0x080059c8        0x8 
 .text.chSemFastSignalI
                0x080059d0       0x14 C:\Users\Filip\AppData\Local\Temp\cckxwuIe.ltrans12.ltrans.o
 *fill*         0x080059e4        0xc 
 .text._scheduler_init
                0x080059f0       0x20 C:\Users\Filip\AppData\Local\Temp\cckxwuIe.ltrans12.ltrans.o
 .text.chSchReadyI
                0x08005a10       0x48 C:\Users\Filip\AppData\Local\Temp\cckxwuIe.ltrans12.ltrans.o
                0x08005a10                chSchReadyI
 *fill*         0x08005a58        0x8 
 .text.chSchGoSleepS
                0x08005a60       0x44 C:\Users\Filip\AppData\Local\Temp\cckxwuIe.ltrans12.ltrans.o
                0x08005a60                chSchGoSleepS
 *fill*         0x08005aa4        0xc 
 .text.wakeup   0x08005ab0       0x74 C:\Users\Filip\AppData\Local\Temp\cckxwuIe.ltrans12.ltrans.o
 *fill*         0x08005b24        0xc 
 .text.chSchGoSleepTimeoutS
                0x08005b30       0x68 C:\Users\Filip\AppData\Local\Temp\cckxwuIe.ltrans12.ltrans.o
                0x08005b30                chSchGoSleepTimeoutS
 *fill*         0x08005b98        0x8 
 .text.chSchWakeupS
                0x08005ba0       0x50 C:\Users\Filip\AppData\Local\Temp\cckxwuIe.ltrans12.ltrans.o
                0x08005ba0                chSchWakeupS
 .text.chSchRescheduleS
                0x08005bf0       0x14 C:\Users\Filip\AppData\Local\Temp\cckxwuIe.ltrans12.ltrans.o
                0x08005bf0                chSchRescheduleS
 *fill*         0x08005c04        0xc 
 .text.chSchIsPreemptionRequired
                0x08005c10       0x2c C:\Users\Filip\AppData\Local\Temp\cckxwuIe.ltrans12.ltrans.o
                0x08005c10                chSchIsPreemptionRequired
 *fill*         0x08005c3c        0x4 
 .text.chSchDoRescheduleAhead
                0x08005c40       0x6c C:\Users\Filip\AppData\Local\Temp\cckxwuIe.ltrans12.ltrans.o
 *fill*         0x08005cac        0x4 
 .text.chSchDoReschedule
                0x08005cb0        0x8 C:\Users\Filip\AppData\Local\Temp\cckxwuIe.ltrans12.ltrans.o
                0x08005cb0                chSchDoReschedule
 *fill*         0x08005cb8        0x8 
 .text.port_lock.lto_priv.274
                0x08005cc0       0x10 C:\Users\Filip\AppData\Local\Temp\cckxwuIe.ltrans12.ltrans.o
 .text.port_unlock.lto_priv.266
                0x08005cd0       0x10 C:\Users\Filip\AppData\Local\Temp\cckxwuIe.ltrans12.ltrans.o
 .text.st_lld_get_counter.lto_priv.316
                0x08005ce0        0xc C:\Users\Filip\AppData\Local\Temp\cckxwuIe.ltrans12.ltrans.o
 *fill*         0x08005cec        0x4 
 .text.port_timer_get_time.lto_priv.313
                0x08005cf0        0xc C:\Users\Filip\AppData\Local\Temp\cckxwuIe.ltrans12.ltrans.o
 *fill*         0x08005cfc        0x4 
 .text.list_init
                0x08005d00       0x10 C:\Users\Filip\AppData\Local\Temp\cckxwuIe.ltrans12.ltrans.o
 .text.list_notempty
                0x08005d10       0x1c C:\Users\Filip\AppData\Local\Temp\cckxwuIe.ltrans12.ltrans.o
 *fill*         0x08005d2c        0x4 
 .text.queue_init.lto_priv.301
                0x08005d30       0x14 C:\Users\Filip\AppData\Local\Temp\cckxwuIe.ltrans12.ltrans.o
 *fill*         0x08005d44        0xc 
 .text.list_remove
                0x08005d50       0x1c C:\Users\Filip\AppData\Local\Temp\cckxwuIe.ltrans12.ltrans.o
 *fill*         0x08005d6c        0x4 
 .text.chSysLock.lto_priv.287
                0x08005d70        0x8 C:\Users\Filip\AppData\Local\Temp\cckxwuIe.ltrans12.ltrans.o
 *fill*         0x08005d78        0x8 
 .text.chSysUnlock.lto_priv.281
                0x08005d80        0x8 C:\Users\Filip\AppData\Local\Temp\cckxwuIe.ltrans12.ltrans.o
 *fill*         0x08005d88        0x8 
 .text.chVTGetSystemTimeX.lto_priv.310
                0x08005d90        0xc C:\Users\Filip\AppData\Local\Temp\cckxwuIe.ltrans12.ltrans.o
 *fill*         0x08005d9c        0x4 
 .text.chThdGetSelfX.lto_priv.262
                0x08005da0        0xc C:\Users\Filip\AppData\Local\Temp\cckxwuIe.ltrans12.ltrans.o
 *fill*         0x08005dac        0x4 
 .text.chThdSleepS
                0x08005db0       0x14 C:\Users\Filip\AppData\Local\Temp\cckxwuIe.ltrans12.ltrans.o
 *fill*         0x08005dc4        0xc 
 .text._thread_init
                0x08005dd0       0x78 C:\Users\Filip\AppData\Local\Temp\cckxwuIe.ltrans12.ltrans.o
 *fill*         0x08005e48        0x8 
 .text._thread_memfill
                0x08005e50       0x28 C:\Users\Filip\AppData\Local\Temp\cckxwuIe.ltrans12.ltrans.o
                0x08005e50                _thread_memfill
 *fill*         0x08005e78        0x8 
 .text.chThdCreateI
                0x08005e80       0x4c C:\Users\Filip\AppData\Local\Temp\cckxwuIe.ltrans12.ltrans.o
                0x08005e80                chThdCreateI
 *fill*         0x08005ecc        0x4 
 .text.chThdCreateStatic
                0x08005ed0       0x5c C:\Users\Filip\AppData\Local\Temp\cckxwuIe.ltrans12.ltrans.o
                0x08005ed0                chThdCreateStatic
 *fill*         0x08005f2c        0x4 
 .text.chThdSleep
                0x08005f30       0x1c C:\Users\Filip\AppData\Local\Temp\cckxwuIe.ltrans12.ltrans.o
                0x08005f30                chThdSleep
 *fill*         0x08005f4c        0x4 
 .text.chThdSleepUntil
                0x08005f50       0x2c C:\Users\Filip\AppData\Local\Temp\cckxwuIe.ltrans12.ltrans.o
                0x08005f50                chThdSleepUntil
 *fill*         0x08005f7c        0x4 
 .text.chThdExit
                0x08005f80       0x18 C:\Users\Filip\AppData\Local\Temp\cckxwuIe.ltrans12.ltrans.o
                0x08005f80                chThdExit
 *fill*         0x08005f98        0x8 
 .text.chThdExitS
                0x08005fa0       0x68 C:\Users\Filip\AppData\Local\Temp\cckxwuIe.ltrans12.ltrans.o
                0x08005fa0                chThdExitS
 *fill*         0x08006008        0x8 
 .text.chThdSuspendS
                0x08006010       0x30 C:\Users\Filip\AppData\Local\Temp\cckxwuIe.ltrans12.ltrans.o
                0x08006010                chThdSuspendS
 .text.chThdResumeI
                0x08006040       0x30 C:\Users\Filip\AppData\Local\Temp\cckxwuIe.ltrans12.ltrans.o
                0x08006040                chThdResumeI
 .text.port_rt_get_counter_value.lto_priv.307
                0x08006070        0xc C:\Users\Filip\AppData\Local\Temp\cckxwuIe.ltrans12.ltrans.o
 *fill*         0x0800607c        0x4 
 .text.tm_stop  0x08006080       0x6c C:\Users\Filip\AppData\Local\Temp\cckxwuIe.ltrans12.ltrans.o
 *fill*         0x080060ec        0x4 
 .text._tm_init
                0x080060f0       0x34 C:\Users\Filip\AppData\Local\Temp\cckxwuIe.ltrans12.ltrans.o
 *fill*         0x08006124        0xc 
 .text.chTMObjectInit
                0x08006130       0x30 C:\Users\Filip\AppData\Local\Temp\cckxwuIe.ltrans12.ltrans.o
 .text.chTMStartMeasurementX
                0x08006160       0x18 C:\Users\Filip\AppData\Local\Temp\cckxwuIe.ltrans12.ltrans.o
 *fill*         0x08006178        0x8 
 .text.chTMStopMeasurementX
                0x08006180       0x24 C:\Users\Filip\AppData\Local\Temp\cckxwuIe.ltrans12.ltrans.o
 *fill*         0x080061a4        0xc 
 .text.queue_init.lto_priv.303
                0x080061b0       0x14 C:\Users\Filip\AppData\Local\Temp\cckxwuIe.ltrans12.ltrans.o
 *fill*         0x080061c4        0xc 
 .text.chMtxObjectInit
                0x080061d0       0x1c C:\Users\Filip\AppData\Local\Temp\cckxwuIe.ltrans12.ltrans.o
                0x080061d0                chMtxObjectInit
 *fill*         0x080061ec        0x4 
 .text.memset   0x080061f0       0x9c c:/chibistudio/tools/gnu tools arm embedded/4.9 2015q3/bin/../lib/gcc/arm-none-eabi/4.9.3/../../../../arm-none-eabi/lib/armv7e-m\libg.a(lib_a-memset.o)
                0x080061f0                memset
 *(.rodata)
 *fill*         0x0800628c        0x4 
 .rodata        0x08006290       0x1c C:\Users\Filip\AppData\Local\Temp\cckxwuIe.ltrans0.ltrans.o
 *fill*         0x080062ac        0x4 
 .rodata        0x080062b0      0x240 C:\Users\Filip\AppData\Local\Temp\cckxwuIe.ltrans6.ltrans.o
 .rodata        0x080064f0      0x4e4 C:\Users\Filip\AppData\Local\Temp\cckxwuIe.ltrans12.ltrans.o
 *(.rodata.*)
 *fill*         0x080069d4        0xc 
 .rodata.ram_areas
                0x080069e0       0x80 C:\Users\Filip\AppData\Local\Temp\cckxwuIe.ltrans12.ltrans.o
 .rodata.ch_debug
                0x08006a60       0x16 C:\Users\Filip\AppData\Local\Temp\cckxwuIe.ltrans12.ltrans.o
 *fill*         0x08006a76        0xa 
 .rodata.zero_status.lto_priv.190
                0x08006a80        0x2 C:\Users\Filip\AppData\Local\Temp\cckxwuIe.ltrans12.ltrans.o
                0x08006a80                zero_status.lto_priv.190
 *fill*         0x08006a82        0xe 
 .rodata.active_status.lto_priv.192
                0x08006a90        0x2 C:\Users\Filip\AppData\Local\Temp\cckxwuIe.ltrans12.ltrans.o
                0x08006a90                active_status.lto_priv.192
 *fill*         0x08006a92        0xe 
 .rodata.halted_status.lto_priv.191
                0x08006aa0        0x2 C:\Users\Filip\AppData\Local\Temp\cckxwuIe.ltrans12.ltrans.o
                0x08006aa0                halted_status.lto_priv.191
 *fill*         0x08006aa2        0xe 
 .rodata._stm32_dma_streams
                0x08006ab0       0xc0 C:\Users\Filip\AppData\Local\Temp\cckxwuIe.ltrans12.ltrans.o
                0x08006ab0                _stm32_dma_streams
 .rodata.ep0config.lto_priv.160
                0x08006b70       0x24 C:\Users\Filip\AppData\Local\Temp\cckxwuIe.ltrans12.ltrans.o
                0x08006b70                ep0config.lto_priv.160
 *fill*         0x08006b94        0xc 
 .rodata.fsparams.lto_priv.161
                0x08006ba0        0xc C:\Users\Filip\AppData\Local\Temp\cckxwuIe.ltrans12.ltrans.o
                0x08006ba0                fsparams.lto_priv.161
 *fill*         0x08006bac        0x4 
 .rodata.pal_default_config
                0x08006bb0       0xfc C:\Users\Filip\AppData\Local\Temp\cckxwuIe.ltrans12.ltrans.o
                0x08006bb0                pal_default_config
 *fill*         0x08006cac        0x4 
 .rodata.usb_device_descriptor_data.lto_priv.36
                0x08006cb0       0x12 C:\Users\Filip\AppData\Local\Temp\cckxwuIe.ltrans12.ltrans.o
                0x08006cb0                usb_device_descriptor_data.lto_priv.36
 *fill*         0x08006cc2        0xe 
 .rodata.usb_device_descriptor.lto_priv.29
                0x08006cd0        0x8 C:\Users\Filip\AppData\Local\Temp\cckxwuIe.ltrans12.ltrans.o
                0x08006cd0                usb_device_descriptor.lto_priv.29
 *fill*         0x08006cd8        0x8 
 .rodata.usb_configuration_descriptor_data.lto_priv.37
                0x08006ce0       0x20 C:\Users\Filip\AppData\Local\Temp\cckxwuIe.ltrans12.ltrans.o
                0x08006ce0                usb_configuration_descriptor_data.lto_priv.37
 .rodata.usb_configuration_descriptor.lto_priv.30
                0x08006d00        0x8 C:\Users\Filip\AppData\Local\Temp\cckxwuIe.ltrans12.ltrans.o
                0x08006d00                usb_configuration_descriptor.lto_priv.30
 *fill*         0x08006d08        0x8 
 .rodata.usb_string0.lto_priv.38
                0x08006d10        0x4 C:\Users\Filip\AppData\Local\Temp\cckxwuIe.ltrans12.ltrans.o
                0x08006d10                usb_string0.lto_priv.38
 *fill*         0x08006d14        0xc 
 .rodata.usb_string1.lto_priv.39
                0x08006d20       0x26 C:\Users\Filip\AppData\Local\Temp\cckxwuIe.ltrans12.ltrans.o
                0x08006d20                usb_string1.lto_priv.39
 *fill*         0x08006d46        0xa 
 .rodata.usb_string2.lto_priv.40
                0x08006d50       0x44 C:\Users\Filip\AppData\Local\Temp\cckxwuIe.ltrans12.ltrans.o
                0x08006d50                usb_string2.lto_priv.40
 *fill*         0x08006d94        0xc 
 .rodata.usb_string3.lto_priv.41
                0x08006da0        0x8 C:\Users\Filip\AppData\Local\Temp\cckxwuIe.ltrans12.ltrans.o
                0x08006da0                usb_string3.lto_priv.41
 *fill*         0x08006da8        0x8 
 .rodata.usb_strings.lto_priv.31
                0x08006db0       0x20 C:\Users\Filip\AppData\Local\Temp\cckxwuIe.ltrans12.ltrans.o
                0x08006db0                usb_strings.lto_priv.31
 .rodata.ep1config.lto_priv.27
                0x08006dd0       0x24 C:\Users\Filip\AppData\Local\Temp\cckxwuIe.ltrans12.ltrans.o
                0x08006dd0                ep1config.lto_priv.27
 *fill*         0x08006df4        0xc 
 .rodata.ep2config.lto_priv.28
                0x08006e00       0x24 C:\Users\Filip\AppData\Local\Temp\cckxwuIe.ltrans12.ltrans.o
                0x08006e00                ep2config.lto_priv.28
 *fill*         0x08006e24        0xc 
 .rodata.usbcfg
                0x08006e30       0x10 C:\Users\Filip\AppData\Local\Temp\cckxwuIe.ltrans12.ltrans.o
                0x08006e30                usbcfg
 .rodata.pwmcfg.lto_priv.2
                0x08006e40       0x34 C:\Users\Filip\AppData\Local\Temp\cckxwuIe.ltrans12.ltrans.o
                0x08006e40                pwmcfg.lto_priv.2
 *fill*         0x08006e74        0xc 
 .rodata.spi1cfg.lto_priv.0
                0x08006e80        0xc C:\Users\Filip\AppData\Local\Temp\cckxwuIe.ltrans12.ltrans.o
                0x08006e80                spi1cfg.lto_priv.0
 *fill*         0x08006e8c        0x4 
 .rodata.extcfg.lto_priv.1
                0x08006e90       0xb8 C:\Users\Filip\AppData\Local\Temp\cckxwuIe.ltrans12.ltrans.o
                0x08006e90                extcfg.lto_priv.1
 *(.glue_7t)
 .glue_7t       0x00000000        0x0 linker stubs
 *(.glue_7)
 .glue_7        0x00000000        0x0 linker stubs
 *(.gcc*)

.vfp11_veneer   0x08006f48        0x0
 .vfp11_veneer  0x00000000        0x0 linker stubs

.v4_bx          0x08006f48        0x0
 .v4_bx         0x00000000        0x0 linker stubs

.iplt           0x08006f48        0x0
 .iplt          0x00000000        0x0 build/obj/crt0_v7m.o

.rel.dyn        0x08006f48        0x0
 .rel.iplt      0x00000000        0x0 build/obj/crt0_v7m.o

.ARM.extab
 *(.ARM.extab* .gnu.linkonce.armextab.*)

.ARM.exidx      0x08006f48        0x0
                0x08006f48                __exidx_start = .
 *(.ARM.exidx* .gnu.linkonce.armexidx.*)
                0x08006f48                __exidx_end = .

.eh_frame_hdr
 *(.eh_frame_hdr)

.eh_frame
 *(.eh_frame)

.textalign      0x08006f48        0x0
                0x08006f48                . = ALIGN (0x8)
                0x08006f48                . = ALIGN (0x4)
                0x08006f48                PROVIDE (_etext, .)

.mstack         0x20000000      0x400
                0x20000000                . = ALIGN (0x8)
                0x20000000                __main_stack_base__ = .
                0x20000400                . = (. + __main_stack_size__)
 *fill*         0x20000000      0x400 
                0x20000400                . = ALIGN (0x8)
                0x20000400                __main_stack_end__ = .

.pstack         0x20000400      0x400
                0x20000400                __process_stack_base__ = .
                0x20000400                __main_thread_stack_base__ = .
                0x20000800                . = (. + __process_stack_size__)
 *fill*         0x20000400      0x400 
                0x20000800                . = ALIGN (0x8)
                0x20000800                __process_stack_end__ = .
                0x20000800                __main_thread_stack_end__ = .

.data           0x20000800        0x8 load address 0x08006f48
                0x20000800                . = ALIGN (0x4)
                0x08006f48                PROVIDE (_textdata, LOADADDR (.data))
                0x20000800                PROVIDE (_data, .)
                0x08006f48                _textdata_start = LOADADDR (.data)
                0x20000800                _data_start = .
 *(.data)
 *(.data.*)
 .data.linecoding.lto_priv.26
                0x20000800        0x7 C:\Users\Filip\AppData\Local\Temp\cckxwuIe.ltrans12.ltrans.o
                0x20000800                linecoding.lto_priv.26
 *(.ramtext)
                0x20000808                . = ALIGN (0x4)
 *fill*         0x20000807        0x1 
                0x20000808                PROVIDE (_edata, .)
                0x20000808                _data_end = .

.igot.plt       0x20000808        0x0 load address 0x08006f50
 .igot.plt      0x00000000        0x0 build/obj/crt0_v7m.o

.bss            0x20000808      0x73c load address 0x08006f50
                0x20000808                . = ALIGN (0x4)
                0x20000808                _bss_start = .
 *(.bss)
 *(.bss.*)
 .bss.ch        0x20000808      0x150 C:\Users\Filip\AppData\Local\Temp\cckxwuIe.ltrans12.ltrans.o
                0x20000808                ch
 .bss.nextmem.lto_priv.232
                0x20000958        0x4 C:\Users\Filip\AppData\Local\Temp\cckxwuIe.ltrans12.ltrans.o
                0x20000958                nextmem.lto_priv.232
 .bss.endmem.lto_priv.231
                0x2000095c        0x4 C:\Users\Filip\AppData\Local\Temp\cckxwuIe.ltrans12.ltrans.o
                0x2000095c                endmem.lto_priv.231
 .bss.default_heap.lto_priv.230
                0x20000960       0x20 C:\Users\Filip\AppData\Local\Temp\cckxwuIe.ltrans12.ltrans.o
                0x20000960                default_heap.lto_priv.230
 .bss.dma_streams_mask.lto_priv.188
                0x20000980        0x4 C:\Users\Filip\AppData\Local\Temp\cckxwuIe.ltrans12.ltrans.o
                0x20000980                dma_streams_mask.lto_priv.188
 .bss.dma_isr_redir.lto_priv.189
                0x20000984       0x80 C:\Users\Filip\AppData\Local\Temp\cckxwuIe.ltrans12.ltrans.o
                0x20000984                dma_isr_redir.lto_priv.189
 .bss.EXTD1     0x20000a04        0x8 C:\Users\Filip\AppData\Local\Temp\cckxwuIe.ltrans12.ltrans.o
                0x20000a04                EXTD1
 *fill*         0x20000a0c        0x4 
 .bss.USBD1     0x20000a10      0x1b0 C:\Users\Filip\AppData\Local\Temp\cckxwuIe.ltrans12.ltrans.o
                0x20000a10                USBD1
 .bss.ep0_state.lto_priv.162
                0x20000bc0       0x14 C:\Users\Filip\AppData\Local\Temp\cckxwuIe.ltrans12.ltrans.o
                0x20000bc0                ep0_state.lto_priv.162
 .bss.ep0setup_buffer.lto_priv.163
                0x20000bd4        0x8 C:\Users\Filip\AppData\Local\Temp\cckxwuIe.ltrans12.ltrans.o
                0x20000bd4                ep0setup_buffer.lto_priv.163
 .bss.SPID1     0x20000bdc       0x30 C:\Users\Filip\AppData\Local\Temp\cckxwuIe.ltrans12.ltrans.o
                0x20000bdc                SPID1
 .bss.dummytx.lto_priv.152
                0x20000c0c        0x2 C:\Users\Filip\AppData\Local\Temp\cckxwuIe.ltrans12.ltrans.o
                0x20000c0c                dummytx.lto_priv.152
 .bss.dummyrx.lto_priv.153
                0x20000c0e        0x2 C:\Users\Filip\AppData\Local\Temp\cckxwuIe.ltrans12.ltrans.o
                0x20000c0e                dummyrx.lto_priv.153
 .bss.PWMD4     0x20000c10       0x1c C:\Users\Filip\AppData\Local\Temp\cckxwuIe.ltrans12.ltrans.o
                0x20000c10                PWMD4
 .bss.txbuf.lto_priv.49
                0x20000c2c        0x2 C:\Users\Filip\AppData\Local\Temp\cckxwuIe.ltrans12.ltrans.o
                0x20000c2c                txbuf.lto_priv.49
 *fill*         0x20000c2e        0x2 
 .bss.rxbuf.lto_priv.50
                0x20000c30        0x2 C:\Users\Filip\AppData\Local\Temp\cckxwuIe.ltrans12.ltrans.o
                0x20000c30                rxbuf.lto_priv.50
 *fill*         0x20000c32        0x2 
 .bss.ep1instate.lto_priv.33
                0x20000c34       0x14 C:\Users\Filip\AppData\Local\Temp\cckxwuIe.ltrans12.ltrans.o
                0x20000c34                ep1instate.lto_priv.33
 .bss.ep1outstate.lto_priv.34
                0x20000c48       0x14 C:\Users\Filip\AppData\Local\Temp\cckxwuIe.ltrans12.ltrans.o
                0x20000c48                ep1outstate.lto_priv.34
 .bss.ep2instate.lto_priv.35
                0x20000c5c       0x14 C:\Users\Filip\AppData\Local\Temp\cckxwuIe.ltrans12.ltrans.o
                0x20000c5c                ep2instate.lto_priv.35
 .bss.xbuf.lto_priv.6
                0x20000c70        0xc C:\Users\Filip\AppData\Local\Temp\cckxwuIe.ltrans12.ltrans.o
                0x20000c70                xbuf.lto_priv.6
 .bss.ybuf.lto_priv.7
                0x20000c7c        0xc C:\Users\Filip\AppData\Local\Temp\cckxwuIe.ltrans12.ltrans.o
                0x20000c7c                ybuf.lto_priv.7
 .bss.zbuf.lto_priv.8
                0x20000c88        0xc C:\Users\Filip\AppData\Local\Temp\cckxwuIe.ltrans12.ltrans.o
                0x20000c88                zbuf.lto_priv.8
 .bss.timebuf.lto_priv.9
                0x20000c94       0x18 C:\Users\Filip\AppData\Local\Temp\cckxwuIe.ltrans12.ltrans.o
                0x20000c94                timebuf.lto_priv.9
 .bss.tp_accel.lto_priv.5
                0x20000cac        0x4 C:\Users\Filip\AppData\Local\Temp\cckxwuIe.ltrans12.ltrans.o
                0x20000cac                tp_accel.lto_priv.5
 .bss.waWriter.lto_priv.4
                0x20000cb0      0x148 C:\Users\Filip\AppData\Local\Temp\cckxwuIe.ltrans12.ltrans.o
                0x20000cb0                waWriter.lto_priv.4
 .bss.waThread1.lto_priv.3
                0x20000df8      0x148 C:\Users\Filip\AppData\Local\Temp\cckxwuIe.ltrans12.ltrans.o
                0x20000df8                waThread1.lto_priv.3
 .bss.usbCnt.7889.lto_priv.12
                0x20000f40        0x1 C:\Users\Filip\AppData\Local\Temp\cckxwuIe.ltrans12.ltrans.o
                0x20000f40                usbCnt.7889.lto_priv.12
 .bss.pwmState.7890.lto_priv.13
                0x20000f41        0x1 C:\Users\Filip\AppData\Local\Temp\cckxwuIe.ltrans12.ltrans.o
                0x20000f41                pwmState.7890.lto_priv.13
 .bss.readCnt.7898.lto_priv.10
                0x20000f42        0x1 C:\Users\Filip\AppData\Local\Temp\cckxwuIe.ltrans12.ltrans.o
                0x20000f42                readCnt.7898.lto_priv.10
 .bss.pwmState.7899.lto_priv.11
                0x20000f43        0x1 C:\Users\Filip\AppData\Local\Temp\cckxwuIe.ltrans12.ltrans.o
                0x20000f43                pwmState.7899.lto_priv.11
 *(COMMON)
                0x20000f44                . = ALIGN (0x4)
                0x20000f44                _bss_end = .
                0x20000f44                PROVIDE (end, .)

.ram0_init      0x20000f44        0x0 load address 0x08006f50
                0x20000f44                . = ALIGN (0x4)
                0x08006f50                __ram0_init_text__ = LOADADDR (.ram0_init)
                0x20000f44                __ram0_init__ = .
 *(.ram0_init)
 *(.ram0_init.*)
                0x20000f44                . = ALIGN (0x4)

.ram0           0x20000f44        0x0 load address 0x08006f50
                0x20000f44                . = ALIGN (0x4)
                0x20000f44                __ram0_clear__ = .
 *(.ram0_clear)
 *(.ram0_clear.*)
                0x20000f44                . = ALIGN (0x4)
                0x20000f44                __ram0_noinit__ = .
 *(.ram0)
 *(.ram0.*)
                0x20000f44                . = ALIGN (0x4)
                0x20000f44                __ram0_free__ = .

.ram1_init      0x20000000        0x0 load address 0x08006f50
                0x20000000                . = ALIGN (0x4)
                0x08006f50                __ram1_init_text__ = LOADADDR (.ram1_init)
                0x20000000                __ram1_init__ = .
 *(.ram1_init)
 *(.ram1_init.*)
                0x20000000                . = ALIGN (0x4)

.ram1           0x20000000        0x0 load address 0x08006f50
                0x20000000                . = ALIGN (0x4)
                0x20000000                __ram1_clear__ = .
 *(.ram1_clear)
 *(.ram1_clear.*)
                0x20000000                . = ALIGN (0x4)
                0x20000000                __ram1_noinit__ = .
 *(.ram1)
 *(.ram1.*)
                0x20000000                . = ALIGN (0x4)
                0x20000000                __ram1_free__ = .

.ram2_init      0x2001c000        0x0 load address 0x08006f50
                0x2001c000                . = ALIGN (0x4)
                0x08006f50                __ram2_init_text__ = LOADADDR (.ram2_init)
                0x2001c000                __ram2_init__ = .
 *(.ram2_init)
 *(.ram2_init.*)
                0x2001c000                . = ALIGN (0x4)

.ram2           0x2001c000        0x0 load address 0x08006f50
                0x2001c000                . = ALIGN (0x4)
                0x2001c000                __ram2_clear__ = .
 *(.ram2_clear)
 *(.ram2_clear.*)
                0x2001c000                . = ALIGN (0x4)
                0x2001c000                __ram2_noinit__ = .
 *(.ram2)
 *(.ram2.*)
                0x2001c000                . = ALIGN (0x4)
                0x2001c000                __ram2_free__ = .

.ram3_init      0x00000000        0x0 load address 0x08006f50
                0x00000000                . = ALIGN (0x4)
                0x08006f50                __ram3_init_text__ = LOADADDR (.ram3_init)
                0x00000000                __ram3_init__ = .
 *(.ram3_init)
 *(.ram3_init.*)
                0x00000000                . = ALIGN (0x4)

.ram3           0x00000000        0x0 load address 0x08006f50
                0x00000000                . = ALIGN (0x4)
                0x00000000                __ram3_clear__ = .
 *(.ram3_clear)
 *(.ram3_clear.*)
                0x00000000                . = ALIGN (0x4)
                0x00000000                __ram3_noinit__ = .
 *(.ram3)
 *(.ram3.*)
                0x00000000                . = ALIGN (0x4)
                0x00000000                __ram3_free__ = .

.ram4_init      0x10000000        0x0 load address 0x08006f50
                0x10000000                . = ALIGN (0x4)
                0x08006f50                __ram4_init_text__ = LOADADDR (.ram4_init)
                0x10000000                __ram4_init__ = .
 *(.ram4_init)
 *(.ram4_init.*)
                0x10000000                . = ALIGN (0x4)

.ram4           0x10000000        0x0 load address 0x08006f50
                0x10000000                . = ALIGN (0x4)
                0x10000000                __ram4_clear__ = .
 *(.ram4_clear)
 *(.ram4_clear.*)
                0x10000000                . = ALIGN (0x4)
                0x10000000                __ram4_noinit__ = .
 *(.ram4)
 *(.ram4.*)
                0x10000000                . = ALIGN (0x4)
                0x10000000                __ram4_free__ = .

.ram5_init      0x40024000        0x0 load address 0x08006f50
                0x40024000                . = ALIGN (0x4)
                0x08006f50                __ram5_init_text__ = LOADADDR (.ram5_init)
                0x40024000                __ram5_init__ = .
 *(.ram5_init)
 *(.ram5_init.*)
                0x40024000                . = ALIGN (0x4)

.ram5           0x40024000        0x0 load address 0x08006f50
                0x40024000                . = ALIGN (0x4)
                0x40024000                __ram5_clear__ = .
 *(.ram5_clear)
 *(.ram5_clear.*)
                0x40024000                . = ALIGN (0x4)
                0x40024000                __ram5_noinit__ = .
 *(.ram5)
 *(.ram5.*)
                0x40024000                . = ALIGN (0x4)
                0x40024000                __ram5_free__ = .

.ram6_init      0x00000000        0x0 load address 0x08006f50
                0x00000000                . = ALIGN (0x4)
                0x08006f50                __ram6_init_text__ = LOADADDR (.ram6_init)
                0x00000000                __ram6_init__ = .
 *(.ram6_init)
 *(.ram6_init.*)
                0x00000000                . = ALIGN (0x4)

.ram6           0x00000000        0x0 load address 0x08006f50
                0x00000000                . = ALIGN (0x4)
                0x00000000                __ram6_clear__ = .
 *(.ram6_clear)
 *(.ram6_clear.*)
                0x00000000                . = ALIGN (0x4)
                0x00000000                __ram6_noinit__ = .
 *(.ram6)
 *(.ram6.*)
                0x00000000                . = ALIGN (0x4)
                0x00000000                __ram6_free__ = .

.ram7_init      0x00000000        0x0 load address 0x08006f50
                0x00000000                . = ALIGN (0x4)
                0x08006f50                __ram7_init_text__ = LOADADDR (.ram7_init)
                0x00000000                __ram7_init__ = .
 *(.ram7_init)
 *(.ram7_init.*)
                0x00000000                . = ALIGN (0x4)

.ram7           0x00000000        0x0 load address 0x08006f50
                0x00000000                . = ALIGN (0x4)
                0x00000000                __ram7_clear__ = .
 *(.ram7_clear)
 *(.ram7_clear.*)
                0x00000000                . = ALIGN (0x4)
                0x00000000                __ram7_noinit__ = .
 *(.ram7)
 *(.ram7.*)
                0x00000000                . = ALIGN (0x4)
                0x00000000                __ram7_free__ = .

.heap           0x20000f44    0x1f0bc
                0x20000f48                . = ALIGN (0x8)
 *fill*         0x20000f44        0x4 
                0x20000f48                __heap_base__ = .
                0x20020000                . = (ORIGIN (HEAP_RAM) + 0x20000)
 *fill*         0x20000f48    0x1f0b8 
                0x20020000                __heap_end__ = .
                0x00000400                __process_stack_size__ = 0x400
                0x00000400                __main_stack_size__ = 0x400
START GROUP
LOAD c:/chibistudio/tools/gnu tools arm embedded/4.9 2015q3/bin/../lib/gcc/arm-none-eabi/4.9.3/armv7e-m\libgcc.a
LOAD c:/chibistudio/tools/gnu tools arm embedded/4.9 2015q3/bin/../lib/gcc/arm-none-eabi/4.9.3/../../../../arm-none-eabi/lib/armv7e-m\libg.a
LOAD c:/chibistudio/tools/gnu tools arm embedded/4.9 2015q3/bin/../lib/gcc/arm-none-eabi/4.9.3/../../../../arm-none-eabi/lib/armv7e-m\libc.a
END GROUP
OUTPUT(build/ch.elf elf32-littlearm)

.ARM.attributes
                0x00000000       0x2f
 .ARM.attributes
                0x00000000       0x21 build/obj/crt0_v7m.o
 .ARM.attributes
                0x00000021       0x21 build/obj/chcoreasm_v7m.o
 .ARM.attributes
                0x00000042       0x31 C:\Users\Filip\AppData\Local\Temp\cckxwuIe.ltrans0.ltrans.o
 .ARM.attributes
                0x00000073       0x31 C:\Users\Filip\AppData\Local\Temp\cckxwuIe.ltrans1.ltrans.o
 .ARM.attributes
                0x000000a4       0x31 C:\Users\Filip\AppData\Local\Temp\cckxwuIe.ltrans6.ltrans.o
 .ARM.attributes
                0x000000d5       0x31 C:\Users\Filip\AppData\Local\Temp\cckxwuIe.ltrans7.ltrans.o
 .ARM.attributes
                0x00000106       0x31 C:\Users\Filip\AppData\Local\Temp\cckxwuIe.ltrans8.ltrans.o
 .ARM.attributes
                0x00000137       0x31 C:\Users\Filip\AppData\Local\Temp\cckxwuIe.ltrans9.ltrans.o
 .ARM.attributes
                0x00000168       0x31 C:\Users\Filip\AppData\Local\Temp\cckxwuIe.ltrans10.ltrans.o
 .ARM.attributes
                0x00000199       0x31 C:\Users\Filip\AppData\Local\Temp\cckxwuIe.ltrans11.ltrans.o
 .ARM.attributes
                0x000001ca       0x31 C:\Users\Filip\AppData\Local\Temp\cckxwuIe.ltrans12.ltrans.o
 .ARM.attributes
                0x000001fb       0x1c c:/chibistudio/tools/gnu tools arm embedded/4.9 2015q3/bin/../lib/gcc/arm-none-eabi/4.9.3/../../../../arm-none-eabi/lib/armv7e-m\libg.a(lib_a-memcpy.o)
 .ARM.attributes
                0x00000217       0x2e c:/chibistudio/tools/gnu tools arm embedded/4.9 2015q3/bin/../lib/gcc/arm-none-eabi/4.9.3/../../../../arm-none-eabi/lib/armv7e-m\libg.a(lib_a-memset.o)

.comment        0x00000000       0x70
 .comment       0x00000000       0x70 C:\Users\Filip\AppData\Local\Temp\cckxwuIe.ltrans0.ltrans.o
                                 0x71 (size before relaxing)
 .comment       0x00000000       0x71 C:\Users\Filip\AppData\Local\Temp\cckxwuIe.ltrans1.ltrans.o
 .comment       0x00000000       0x71 C:\Users\Filip\AppData\Local\Temp\cckxwuIe.ltrans6.ltrans.o
 .comment       0x00000000       0x71 C:\Users\Filip\AppData\Local\Temp\cckxwuIe.ltrans7.ltrans.o
 .comment       0x00000000       0x71 C:\Users\Filip\AppData\Local\Temp\cckxwuIe.ltrans8.ltrans.o
 .comment       0x00000000       0x71 C:\Users\Filip\AppData\Local\Temp\cckxwuIe.ltrans9.ltrans.o
 .comment       0x00000000       0x71 C:\Users\Filip\AppData\Local\Temp\cckxwuIe.ltrans10.ltrans.o
 .comment       0x00000000       0x71 C:\Users\Filip\AppData\Local\Temp\cckxwuIe.ltrans11.ltrans.o
 .comment       0x00000000       0x71 C:\Users\Filip\AppData\Local\Temp\cckxwuIe.ltrans12.ltrans.o

.debug_info     0x00000000    0x13a00
 .debug_info    0x00000000     0x1956 C:\Users\Filip\AppData\Local\Temp\cckxwuIe.ltrans0.ltrans.o
 .debug_info    0x00001956     0x15cc C:\Users\Filip\AppData\Local\Temp\cckxwuIe.ltrans1.ltrans.o
 .debug_info    0x00002f22     0x234a C:\Users\Filip\AppData\Local\Temp\cckxwuIe.ltrans6.ltrans.o